gAAAAABn9JLKB37BNpLY1cc7q1H1KZ20XlnICpjS5jhYo8OnHs-fs6gSopnxfy8LdePoyS67NZehpLlZOoMcIlif7mLJbk5wgxCahNuUJ0aH7qFCJPaciccZ_ZaQZ6IwUXqtc6Vj7Cie
gAAAAABn9JLKZbnOSAxitp0RD8BkMO3RRNyma7fIIYqLMQUNra-PevSwO-c99zw1jmqhNW_ipZHjhOMlinbhc6VZOf6Rr1IPPdJPszE7uUKlvbPpTcUT9us9-cfI6tUAjYzrjcFVHTn2
gAAAAABoIhKkj3T2TGqNYA-moCG32cUPP0Sdj5-G0uWKTlaZlNFQ4Ow-cslJRAHY43zcYRW9F-FKnv-u48QwFNeXV6opCVnCUyzhIdaLO56vyOpKOwSYCcJGAOpQySYmKIsUx7Vn1SWv
gAAAAABoIhKl2g6Hx-58j_XpHEWTUBhIHjODlWMnnMGNKxNz62MRThhoUYJZ5RyxjmhkD9uIM5isngmmkmVn5Y8rj1Ke6EHPymP0cvyC3RWQoCgSadG--NFXIvQkhpVqdK2L8Mt_V3D4
gAAAAABoIhKqMQ_pGL3cvfM5tqGDOg80rBNzXoJfDnIv_8tsZMBk6DDM_OYzEq9VnbsT5s2Zr9HNACEUaDjccKLMS2Yh0wF1sF4uADyXPiSqr4rjfDahuTzUoB-kJcsSOKG6CpHNIk6I
gAAAAABoIhNGtVNYT2pV_7vvnr5kbLZKZ4j0kSJXozbQahwCCrJxee1WfRoWL6P37dMHW55TsNedcQt7gA5h__2aWT8ApwoLN2va8WecEkeg0VWdiTN3S09AEBImwNsDzSDmlYa_nY6c
gAAAAABoIhNH-oMosLbyyHfONAIuoW1jWM4lfXPsFFWy1ebkW8AtPSEhLu_rg-wf9msJVZBsC9CKebXioha55bbGJtKhHSPhLNx7opE4bkflN6lNFeiNNCNjewzmM2A6D3xNuA76iQVQ
gAAAAABoIhNHkwqoxpPkLZrdAqTLjHfj23sraWz2fqzMJqsaXTQxdn0pUJlftnsxsqc56RZk6I36imrw1hRfb3quC6x0BLTV_l0AH6nae3hNgSw7B-oWoB0FwGAU5_cNtUwezfkJRjwX
gAAAAABoIhNIemICYhU-0TXMTaSdvBt6E12gtsci5fofK_0QlhTiVz5lcaQNTc5a0ZCEff8pwemVRgdokoy7DvJF0UAhxzWU5MZDHPF8O_LjiIVsVrS5iRNLzFyDTQcyXl9EMAHgIUeQ
gAAAAABoIhNIuiqW129zZ_7spjEiAvWumiSPfUaCUlvvWCP1e3UKcKBOQCizgkQ-sLe-YPmncU1a2RcfU2Sf_HtyHCAckLoGvjf4pRDRlZL_MmhOTutAkvVLUErQYXOziDU9bzVPmvZA
gAAAAABoIhNIcZ3Mixye8jS8xaPBSYFCEteJApqXfSrDaJC4v_cf_g4NoBjb3EnbMlTAp_Xg5ZdS0tT6TRrDIdXc9nJkzr1FRogIYSjNn4BpryuysILIWxBoCP65W5g0tSTkENcvGusO
gAAAAABoIhNJ69wEvkYx_Wa-aenBd8XOz0vbrgba__9NpWkjOYDhUkj2Ua3pitYldTddd_897E8bmzsUUMHYILaokwz2GhZmzpogwi7yrS4N9RilBZ3d7tz85-X4mmVE-aJ2O7rSHtOk
gAAAAABoIhNNB3powVQynUgFDsBFGtMKxH4UJAsxZsRSXTXQ6NnyV5T3UWjoDRegmT8Fgv8XLRFjm_b4ay03iWkGkya2j0E2TEmRoSiDQmLaiKM9K8q8zSpnMjxhhHtkjPGNeF3JInru
gAAAAABoIhNXigwQ9BBMTR-CD25hh0vbPRP5Q21DCxggZZfL5PXNlm0158HpzSWoxMFqgM-y17YxaSne2cicwIK_AgR9wcDuTkM1WWHVwiMNyST49SQzaUj9JSnj60if9IZb4asX8vqD
gAAAAABoIhNXHxz4DnUVNcCoAEK7CmrhZ7b6iAbOc9Rdg72CX2kPzVSED0Yk-5-XRqIFBVzmGU-e3eh7hyr_HfbVuG3-XtcfIIgoCq-Qx4PFeSMntvlvLddhPeZNqzVwSoFwVCH9xlqI
gAAAAABoIhN8M_khxiZ2-GcRy5MAeqJNTtJwx75aEUwOjZnIV6uU1XE9NO6K4h3lQIBW2FpKDgagoRZXx4PkerkAh0ID7SPMmgklp48ZwavYLft8qMLHRGPGSdXS-93sg096VAq2il3h
gAAAAABoIhN9bbqu9dhqvQjkgq9OJI4-2UBj4GBK7vd-OEQYkpWim9eWb3FaGveQS8zh_RPZPriN2HUwxYiX8apFG9qAUMlxfutUPihI9ptu6DkmjDHiwKa5iPZk1V0Dg4Kk8GPQbsev
gAAAAABoIhN9bldVveO_1chyrR-FqpLnUo4OQb3OI1Sv50176MBZZ5iHHTxtNqR3DbGlS_2-8eRUA-5Kb3DWR44wtPpDMu7VkKoxv7xEDd5eZfFN0fc5Yg-1RV9g1bwKa7bBkpnPLbjG
gAAAAABoIhN-Qyo-BK7xE9kxDY-yBwRML-1920Tdu9fAuShqrTNNWL-m66aS5AE-kKcqGbDenqm96NHg-REJL4e12irhPUJf53eJSuZTXyzXpaVR73u_w__QsVdzDppdWyKgSGz_G0ld
gAAAAABoIhOF4kRle1wmLHic2VQBhJDdXZ6_gJU_meWZ30fMOvGnRCwJgDS_5fgfQtfbg9Td2HwhysNHEwLOxXKuq3F-Ksnptvr9O4SWi6yhI7N8p5Ugsqwax9bIr9aatc1BcPNRuyVR
gAAAAABoIhOF9SAcDBC-rgvvC12cOKBmhR0SQax6wLsZdYRmCNzbhJb1F9xB-YHzjZlI6_zwGl6u3smxww2ISUeonlzD2Voq4EUMqy61pr-2ixa5pMbbBE2rfwQWJ4pEpXfKVmE7LoSW
gAAAAABoIhOLqxHMp7eDMfXag-QJdMziGzbVf9vN9Fh6t1cSm-5uQezqoQbY1Dvd_T2fQpjSlu4dktLOr8j3kO65wXzaKP7Vtg4Vy3FLijDWed4wYs6hgO9xABwQf1QbJLJ0gfmRrs9C
gAAAAABoIhOTpNo_Jlyc5nReAN0K58gXCcil1lH_JRzxACliwhKRs8C0qat5JVjfALJ0yywPhvY0XRDL7BkhxZ0sklnjCKxuQ56vBy7gJznRGIVsLhyIWB3pEKf0VYiLemR-Caunt5Jc
gAAAAABoIhOTelHIHoVncj7kiJR9gN3nJtUtOWVkazn3QfugVCLDgTHgllO_nIuX5Cacu2a4quQ34r7ApM_d54NgT6ewFER7M1lHFj0i6MOafi-4rTiJtV_nQvwIOqgUH3zOIoLIFKI9
gAAAAABoIhOThb9AdC9oJEl7CJfSD-ElptUd9L8BooCguSpJqNh4_ckh_wteYvfn4jBQcTv4zBqmiUUC2OaR5i3ChjsmAvPU3NP5148vej79-Qa8ZUnm1Bv2vWm9hC0_bJTjeEQCiH7k
gAAAAABoIhOU0ljIglrBjWwcQnnA5lhfd7TElA4czEKbiZKAmzF9rxaX8Q_hNc3oSdW2nNHpJDcfZMitOWphXYgsjz5tN31DN8A7SJcxSQBfFPi7iAOFir1rINOoxPuFbnomm-3QADa0
gAAAAABoIhOX76ZnbZXk8BCUFozFXU23UVR5vGr4oHg7OOwkyft-U2Og8PC7eNhqj5CdUD2fczStYg7l_nu9LvD96UCzS6eSYCZMMCp_ruNVKndxpPI5T_oLij4VOeTDUB2ezklRxHSz
gAAAAABoIhOXqoi7e9U2NtYGlQJqFOtLBu0CJYBDS1rOCG3e1SpWhs4agTphJmrkfLkk0A5n8dgxFWsURq7th0SsSUBFzQ8fC7Xlcs_37RV63Hfmv0pXel7QqA5o4CUczRjiAR3nYp6L
gAAAAABoIhOX_x2HkX3TITW6sSDrHPeyPHCu5oL730_2s-n54Gp9yEVjVqDOYUU3sF-J_-y5mkg7B-ngcmWNHopifDKzZj85y_a0LOJJdFh72bh20Woj4gQOhl7bFI0z_zBUwjbuZ07f
gAAAAABoIhOX1jcfs6ElmpsVWeGbFxGx2ggUH4fu4UZuB8ct8cP1fz4SBoIn-fYG13IuNTnD1BCQyvK6LLJx4eEeVSHJbKdzWlwxiXAC4kksm4dddCintTIp3Wpqbpi0JCAuOCWXfHdh
gAAAAABoIhOYzSxfZzITW1G62cYU-lKstT142_JCwrJ1wfT8H1HAwX-LLeRX4bfjDVHdI0Bkx2_fGJimeNQJBY5xB20IULkvEZPQT8a2gWUTwuIYpXiLv0n-TKZZl-D47U_fsEYO1QKG
gAAAAABoIhOj5MSNW8yBgp68HO4zDV8BvLdzFejS9fNLbdtK519x0mrHiglssdJqmEojZYMckmTEh0EjmQZv5mtrLQLlPTCFpqNfjnJ8CREx7XUA1IcZWipX-npE-H5GmBZjxbwzbHnj
gAAAAABoIhOjCvN-DmedzOofxEPN7mG9gb_l1gerMoRgb-mvZTyztdVc5_VOgr6T4ubeDUZnJIVl_Mjp43rI123dH1B5Wcwui4F5pK4X_4e1xVan8VN_0KfbGFmGJWTt_QnUNBFRnppB
gAAAAABoIhOj4n9wQDV8W0H44TRZ2zwftSNpd6peobtKPTN3OtW67A9G0bJ8jem2oETARnobdgXXe63-_NB0s3nkSNsil11wbZk2B5lqV8Z7xIrMat8dx-rtt3tfV2NIZajUYwWN85ug
gAAAAABoIhOjooefdcskKQILZExjWuftWJ16Gx69DmpexH7J9SLNs-UM01BJzegGwdmNnT89tUtYNOQ5Z9Z3HaiIytRjwlmzLhxIA6SWHIxBNYeLeK3pR_bUMUhh61Ra4w0O1bUe01DR
gAAAAABoIhOkncI5Bvd-UQAb3ULJr8R8iyfPBJZ7e3KBaU6DOG8TyQiMDcxgQjJNhl8EmM5nSxnrP4vGEfKnvUkzJ9JO-iiDI3fRqCrCS68Wh22DedwWdD6rz_LwOCk1Ds4z0FYoljgL
gAAAAABoIhOl_g9W9WR9fXCEiZU4Jr47hp0cXOz0xUZW9LlszDOkh86U8vTuN3_Y0dAFBmMfBl6o5NkEd2-8gav0ZhQjlmr7mjqSnMM0cXlpzs3AVGBNjYY7AgHsXdyAmwjSzluO__zf
gAAAAABoIhOl-sqirRXvxCpzlMGiujYSsjexExOloepnBl_0ECWg_Km5v7qxvQrkH1TDUKTwgfUCQhcYCJxUzQU9Q26gumfi6KJa0NsSf2K_2AcFm93txthLpVxNZBJLnbTob9kBIwTX
gAAAAABoIhOl7DcOdIPO2p75mDv_Q0-z5ihJaeaMfkeTLfJ9hgaROdlKTJKlE5cXx3QhfpbLVmefXV4f-A5B8jeqaLkkyB05UHaFCxOgyKfhAkcSY1yINYty6QN1v7hHXxfDm-j0Ycjr
gAAAAABoIhOqRUWUIWIhWCIF5eRraZB3N0dYLxwq8cgDjzrgRqls4RtIYtcQUVc6zkOXkKCA0XAVa-nrmnEoTxIRiBJDBAKY9tX23xQQGo4MY55LgxOJnvxcOpL9AMEO1fXTjyTb0htl
gAAAAABoIhOxyEM8bPFao2iniF9j5AOFsi0I7yRrv_5LLapfQ-8yeuYAqSeJ0aJ5765XuNGagNU6YVXM6QKq470mLpZZngD6sRoTJa6cD7QgvY8iynOT7CxhjNv5zJ1oY7fHAFuc7MT0
gAAAAABoIhOxZ3lCGdqBkZDx8BAKYhj5pBc1SiCIFxqQREzq9CFUZZj3i32wALKCEpDNzEsXyVeuh2ezNU1TqWEkF_aiGxmYMzz8YPNtpxeQI57LR6xARVAhKnMjkGLzKkvmzCeHrYzB
gAAAAABoIhOyfKt9EGC9Mm3UEsrd6yYFYw1xea_c9Ys8LMSXcpIJvEY7hXdBHTi_SpF6RFwdTnPxZxC0E4SPmrW72b3Ny-1DaxaNg7kWOSaU_zxPMcdCjY0pn4BibX943m_ZALJVBQ4u
gAAAAABoIhOyoVmGjmQBKkcEHDqYFszgnvFBrFXDSwFlBrCRedba6-7odlP14YJxaepnENHxzVAatoMznB_8STNFY_2mDcQQ7Lla3L-DygCuYx4QyJQjQlC4BxTJi9Pd6aVcqgcUqaDM
gAAAAABoIhOyfjzp0NuuvXM6cvG0g3LtgGiybSPJpLEOi82qKRl03WtkH6aGAB0EIgRlH_zqW3nXdSwLgiQ33U6e0GnCo9BPb5tDTv1PGxNl8FcXLtGFbiAGJKrPJUQuGdMmW0gCJQTG
gAAAAABoIhOyye1cglH7f1v8pbdriisx1M4JaytyHZknzZZth9EX6qWR9bGRZPM61EQCHmp4dOBnZqmllgD0pAf9D3q1F2E0GDEcEEA9YumTgPf3wE0BU0_geVZ6nKGO_FwlVtQhGvA8
gAAAAABoIhO39Gxmt4S7EOzHxXq4vHqKnxzwoEclTb4ceJWa9j6v3Ct7Ce-uIu9C_2qRjmj73z6zDHMBb0ZjQaon1Ejs-6jooNktVrSKlDh2d-cuJitDSJ6ZiH7Grxz2xBdqT8wPvZdG
gAAAAABoIhO39kwRoBjl0Gq4bliYlQSR2RpHlDUz2Dsf7kigMF0eCR1whnWhE1pZ_A9xZUpxotw7x1_-jtkKW-9YqNLd2VbIsUOUAdvUPZNPidE4dR42qw5Dt3eYRqxV1LQmYrsxGHBs
gAAAAABoIhO9nDAQKL-x2WNhp-B9aB8UtpgeeUr9QhAyR8lKE0aC-DtZJ5er5PwJXlxcbxZ8U03sJQzSRXs2HYygNqypOINezkm__pxjY3HyrznO29leOZNooN7jR2V46N2Dho7r2G9Y
gAAAAABoIhO95WUPGLlD8p_pDoXQnCOHhDpLUU9KsVkhXzyybTntYDJU_99SaNENwRsALWsaTNgAxzjkUzfJG4oUv9ywrHbIWGhZhWFYRq0o9kE7o3ST7t5_51YBvAt0mtylRirdmDm-
gAAAAABoIhO9jGzdYacuxd4gn8Fn9dYx7yRvO7L0Nq4NAYnYjt2o8iAcYupFGeUH63xN5f5c-EFSqmr9w_MsC_maYR42_DA3FMpApQj4ZJBGKo0NSOM8-hhHjf5DP85ddhOJklAdFurh
gAAAAABoIhO9AcVJXiUAAPsGczfWUCeXceHQuDwz6Dsc0g-rImdHkOpcFmQ0qne7pyvcO9VWQQdiQHf9gvjlxyIG1F17VvMXDIiYh3nLLRsPtFjpSxTxsdpjV91hO0OVZQwQwyLQawcf
gAAAAABoIhO-E583aCxCmUf7XwmtcwcYDifidaCiNpFoq3o9R9U14g5BO_bHEZ0Ei4gbBj0-hrosF7uq05zMtmC7_yX11iHoPhElyOoJFHkdBC52kzzwyMGhY_uGLnIe6J8Myuml3QOD
gAAAAABoIhO-n5bMV2GrEU2bKXjeodOo9fSDT4Wtt1PWnJLY8dfAiZCsTBx8pE9iWZmzccVngWQWxnNkNI8R5GgXfOcYzB8udOdzdDuEzWP_xoepWy1BkzXxs0kYRYWA7pyk07UAgZTe
gAAAAABoIhO-tYuzMY2xU5Bq94G5lBsk9CSaWpI4HHhOMD0ZN3clmks24KYxrY6biQ2pWed-gZRbRiihLAhknvkx4UXSBgTwqEv7h9acSx-WgeN2b3T2l9AdbJT42Ek5IyPE2goN-T_g
gAAAAABoIhPDlIE2pUiHnLOUuEhaoTVHiaE_coY3KOVIjZTsm0VkECv0YwQZC4qH07drWLlhFdGjw5GjJOwoTVwlAVVZNWNOp3yIqRZCY1hkKuuQZT_wzAjcKhOqEja-I2RN5E9kX_Uv
gAAAAABoIhPLjp6iIXGAThvaqZP8-YRCGdU6SsihvOa2q3J6Qz2TMx_YiN2cFM-RWarYyBHqfJu77iAH2ey0OpoDEDeI4LYyYquJyaWoy6dDcNPBEH_0fLG0x_65yyUi9xgmc8UaoXwP
gAAAAABoIhPMsPjTJ2D9Cp3Y1KkiPs41roHZRCfKovFlBBPnLO5gHLS9RX2yv7-2ZWFgRd6C8yAJe7E5I1_XAoZ-cMfuvpU3-aY8jj_HDVXXSLhyzmNObQcu-VwrHi4okAvn-tO-GQG4
gAAAAABoIhPMX4A3hWaceQJzm_8kMGHx_9hSjcVa2L8ASEL8uTuQtrSS-zaxEYTxWWEIzfVUd3RqulujHWZoX6DJvcWG5TU37KW0BB27zxif70lkQsJtgMwB-AVmBjQK58pnVYYLAA0G
gAAAAABoIhPMdRG-l7hUcmeplTu4hnyY0pxuB7ux6fRZDV1RZFUHnV_laLOFzhs-J-Pa0buoY3vJbVMcjVStLp-LviSc0MNKZsPhj3bSoYttjkpmFxHjd7W6u9FZVIhs4fevFkbKtrrq
gAAAAABoIhPRiW4GFfZ0FOF57yPgOs60tqSFwwIWC2CWUmhbD7L3K-tjG8PTbTBaic9-n6u3DRj6LOqlkt4xfJSE84vNIZWDzFSxrjX_j_1Wv-Cp0H10QmaaLkmFqjlONxit1p1x52gw
gAAAAABoIhPVQEPGSpBLBMnn-qQmQMbnhQbii7fC0aq0gal9qumQT9OgF3Z-yA0hvJtsPOSMnPXvP9ZBpSOFWOC_CMIuwDNnz6LcMHh5N_Pyoml67dj5t9chtMviHaOgcUFDmyA7T_f3
gAAAAABoIhPWuJfrVL87KFJF7Rg3lW-iniI8dpCL0g6fZzOa2LAGg4gmBvVZ98AqWZ45x_qgZYfk-nVVmvAkQTnMuP-IUtApNB2ECczHtYcq0efElEZB8HBiGRg98h-KnpKdq6rtMkgR
gAAAAABoIhPXmPIqrsz5DNwi-aP9Tp0uFWPebrgh1QHnc6kWC_fHWePnaLeDTqJZgsH5zQ_-LxiJlLM-RXQGNa6IFvwPqx2ZWqv_OkZkdhKS9_QKpRyPI_4dLHdbfWhzR1j5QlM0RuEI
gAAAAABoIhPYcJ46i_gaBUvmOplmc4ro_JXTlnCr4jMxq_A3sSUjOGGo31ZwC7xOlQlpF7bPckb0pdcugKLIs8YDcQZc9fYMFeLup5evmrunxfgaJFIMEtLT22hk-IxvISSLU1TDHPBH
gAAAAABoIhPYM9qD_bXs_4Y-vE-qKe4VdmETmoIW-9TcF6ZisMEyOk5ekhqpnsXyIihVcDPlo7dt7nRmIkuzuePepH1LQ2ucGtrMIf9zyYZ3YJo1ZSeABS3OwCXROECZHw-EonmtaxPl
gAAAAABoIhPZoLWKiCeQ6CjXgIYRm9ca0wBFQzFMkJ4pjP7nTSWtTZycabzwN9RJISEsBUuadILos0wbRRN0ulu8VTiM6jUxiuqc-8vWoq6EuQ_fez2dHa-01G9IP4vPpIF6e0473yzc
gAAAAABoIhPdAp9QiBQJ6ZMJrV9i66mXWTeRg8SaDJ01ifFZbn4YQ9OqlAsEyQyfLgWzqdbogUGD4oGaT5RLfNPlQgORJHU95JaCbm6Pm2xupcuECwiuQYmVj4ZoCxVTcw2Fe2rR4AjK
gAAAAABoIs2QAQnaUcyH4oGkHClbUpB1rJn_U9aKeQ1JXz4jmNByaZ48DT6RikOtlYZILCZ1xJF0Zr3Y-bmnQsf9ANHuD1Za_IP2cQZFtjwZubS4hDLG7ndZKVItJU35DICFBAsWnYSa
gAAAAABoIs2QH0EAop_T5q3jQ-qajWWoSmXzMCybSEUkosKI9QViuE7ZqoxUiBv-6HTr9K6SyDEm-ngiBdSJChkKgXPZELZjnSdKLIIrm-RD6f-IkRMrB-JL81TUhyyHFO9It1x_JG-N
gAAAAABoIs2fUN45HYUGiyzvviot0arliCna0FxFNI25K5ZdkvBt427Hivh1K2dXY4f7W8W0pl65akSv_61KQ9uIOuBGL0WQNnNmYeSpbUsg4R3p6tLOQbUhLg3zs8SvRfSwZtzH3Ydy
gAAAAABoIs2fKEG1M79ftoC-B-48m9VcURy3AJPYQERHtNMAFnY5oN3CTM9RsRIaJGvS0Q4rNtiPhs5kXU92chUYu2dHfH04PBEEH-ZprDh32UkAXX5cy4NJDkzQPZxxaLw_wUyv6MvP
gAAAAABoIs2gm3IKjzsYAIF5ESaE1VxxZWl9gvL_PrU5vLqlh7gyi-EpJF4_Sl7emeyfwT3b8Iacgnq0PjXW0FDyjo8P0QMEMPqfyaX-rtQCIlVGwuSmfyiGmHXBeezYoMJUONF_Orej
gAAAAABoIs2hA4j6uY6HWr0yeQ0A8EfemXNIwhmVYbRvDeMvFZ1HCDBz5dIXccC7aS794F6d8VIQnUcIq7MCWmVmYvEwDh2-SSA9VkLhTrEbVnXzpSyJh6tTNnK76X0ENoJoO3jRAhE2
gAAAAABoIs2j5qEgYT2tJ2gsea8BTumHqyxpxiTN6beIBgsGS9ljPskXBbMVl-HLkEIko-CuLeADw5AAJLTmLAW2P9DA1Leh1G77WU9jnTdT_o4gZE39vZ36FdLxegQ7oFG-bg9_OKEr
gAAAAABoIs2khMPGz4LWpCKWYrkF9B-aT-q3f253ZlzxjgX2DigZ2SXOBzagrGBFYQTMd1lugsgNJvMlclLz7659xdoZ8ub0JxrWpywKFU7LBOz-bawfqUurb-yMJJKo_lB-xsnIE1_W
gAAAAABoIs2k5S4wmJTtCv6gZIgVJblezoLMJnoTZVadn2bSydJ0x0UwLGygbCNGJC60fCwTAaliWxP9_cAXPcjjRHLv560GDJjY-gIixzyX-GKCCteupMUL_K16Mj9crGZtXoZoB_cc
gAAAAABoIs4JLLf3RV68GudRbcEExebQA3H7GmwgEwyUGCKmLuXGmh-BdsVnB4kWorcNCmptangr1gl8aRiag-3dJCgHNb1PbGmdXE9WOM1lIJFaZuhee6puEoeBBL3jRBSmXlr9sByg
gAAAAABoIs4JF7AKR2oyQqBe7JX3HTBvIb90sQzuAr-I_FyCXzwIBzaC4Jw3gbl0vg8t9gmiia0r4QF9Iwn0dOK_t-dgbrXlHzpriIgeDn4LZNmZVhWM03_nMpk-M_MqZwRtTGKygodS
gAAAAABoItjQ3rwm9cuNn81RCKm5n3OcHJRb9Nmwhj-_N0hLmewAX2eSa3elKRqwpsqOEEcSVFzR94nkvavIo4uk56vFsDUc5aR5EMfmH1uGNp-IClo8wh66gvpL3meZ0vXD7Ko1pt_M
gAAAAABoItjRue0WdmLhUQyeKXmDefcb3JagWFSWv0MEvFwvEiIz-qmx30KxVG_ZsA-vBXVVn-wFgd7o5PZlh62HT3a-SatZAwrBjkhopyuyThXrjSA4U1YVBIB3fS2bdnS1CDHnbd3L
gAAAAABoItjUTX2H3Xbwbo8enbzARtvyAxvXfFQeF6fcSP6QKzmz6CJylCmiNx1h9PiIHmSOuE2scHmgV7iQ2P-rVUG1R4Y4dIC6zndzyRxPpF_Pg9F_dCuF0MYuldlIgGVlvkyqPUWa
gAAAAABoItjUiYVUnXW8ZdvUIhJ8-xOgtu0KMAh7Nxr-YntzfO6DZhpHJOww5En593gzK7ij0KVKrlRGVEkjDePkC2fydkJDqWa7ptdoN_UVvorErf-EAeLD0Yl7Dm50Ag27nBuH4pXu
gAAAAABoItjVt56NopbGQOmTrTaB92CnFAQ1u7XPVWbnPaiF9r0qawA_zXxUWdi1E4PalOWF-ScrFN6tdrTOKYw5syzAtNEJY8SzTmZbnatAAj3_CBIFmRJt-lb2SM-BS3pJFtO2Y6QY
gAAAAABoItjc77tFZz9sKp2zBueVutRkirTcrx7HmKdbgnDnOBXOn5rgbp6e8wPcCmNoRWe574y1Zp_c84RvYE-tsSqxR4vWpia8uvSMtyAPwgrWXiGS4_cAIpbg45wLTj2CzC8PqC-7
gAAAAABoItjcll6OZt2JtWQOcyga4QW3CfMDUD0H7h6FiJGDKp8PmSullpzCdruLGTN3LXr4GyERdM5jZc2ihSSupEXX4k2oxQbWtLJcP87iWBQAC1Nft0VPJNhPfiH4949Zt_sDdSUZ
gAAAAABoItjcNRPEi9YdUQf-H90iNq4g4feABLArIjuQcVo8TvZFaJMMhSfF1awlPLqNMfLp3RZn7VX3FDUL9kzUrJBYqdpr5pPsYH9_etMwdJ1Tog9M1mE2qxRUQWAmg68Bmq83RWkt
gAAAAABoItjdxjCxNOD-hP0Vo4E-RijesIY6NOMHCJapSSEZ5An0oW6WT0YT-yWIA1TK1XPcsbKLANo4tslOTMMjy8xZFLDaOCA8ZzjbjU5su19W4QCXiwxdyQbZX5HQnOcJE9DxA5xR
gAAAAABoItje3T2vY_cWPYQYUXcyWdIodA7u6kHkGUBSI__Oh-KO_WFVORzjodFtuabyHZaO2zArR274sR0ViOUevZvnsYQAvBR_roiCiHh2OzysF2HxG1G3GWjm3usjM0TTo-tJ_12O
gAAAAABoItjeYEMKS6ovw-db7R-LVFUfQB5ojAN3xsgMr41O1ZikPe-bdFeWAHw9E6dt4_3BndZWKmyV8yUWVni4JTCMjbRMBcOUofJHH8wFvkl9Zz9j4G_tbuU8bqIRlI67SPtv-GpP
gAAAAABoItjf-2CMPoIUgeqzFr0U4Rn3_l8cKUt5iqbmw2hbl6oAHXsMH4dnpBIQjp9D-Z80F103UIzVf3M4PKCg8nK3SvcsQCZQ9cHYRE2ybjPUWljIYjbFpPl5RCkd-iGEAfPkzqAW
gAAAAABoItjfgHJU0JG5At3V11QM8VwDUwBwebFju4VtIx3vQbfdC9CfKS6yOOuClTfdCWrh_tS4LxpOBIhHhPOfSwhjlr_6M0rL0DjWJ5iAmIw0vDll4bO59gwwwTJ3MKwax0uH8MWf
gAAAAABoItjfGR9p2VSMcuLwegAn18TzILZfsikhx-bz_86dLBxsXj3g2Mbn_tqnRmOgE-ZtQn9gQUk1YS4LXVSekv9xLTSfkvxHzebKyPMnCw-H9joGvP5R3bEF1ow8Gacs0B7SWxxA
gAAAAABoItjfSO9nvuJXEXSst0A_h0pMe2oCenwhwRoioMaGaBG39N7jRuvLynmqtuc31p79lzXWgNCXLwnvT20Xu6dBpqmVWduxREJcG8vCVpzx5Ld9gNTz6wZoWZYu5wYF-jV3RUM9
gAAAAABoItjgQDtqbovlIoFoGAP_f4MkRy51H6GD5HnE21RcRy9svIJUKZppMWZOhDCoLs62z5AZho2E6m5FmFDlT35iD7A-69tJI-fKkQkFM6KkvWjUVy-2JghDxkcjZ4NhVqxhrQnb
gAAAAABoItjyb6HUxJTDuexa1jOWM-MJsdjhabytIDpFwIdMv5N6sBZxDFrayGv_muQAsfmi8leCufPNlvUKGA8P_AB4u4wkCZTRzSchT1Q5JU2tVfHDKGi5tLrS1EPmXt7Ml5yInO6C
gAAAAABoItjymz-i0dnI6d64c-as1DoD75gavy_KCzovma44fILdAut7UXro6PwEnp4Yiyh9jfwfMHwWxPps0YvDrXzD0J9OG5j140rl7TzKOIRL1KSYwUKU2lH6BaAx-agoaamn-erC
gAAAAABoItjzzB8uEo6_chIroITipKIXb42tpmKSZc7xTKt1tQvJkhdmn6ADhfRdHjUZ6ynlbX3G5wUmORi7gddzlaBmUJnZsfKA6norw12r7aWKAiMcxDklsO9jbjLEAI-IpMYAav2V
gAAAAABoItjzvdY-0vEMMrXBcK8vn3Jax6MkNxC-_kISYzD_nzaASGjrI1hV84wguoqJW0mk85ZulLdT8Pf1Zz0LunP_vuvrvD35dTjvJ6etdaPuVqWzq2Gm3xvBvy9H8-a11Hwfm_zN
gAAAAABoItj01h8xqo8LjtbNZf7Q1S7APQ9f1RZzsm50huCT6D0qcy9UOGmHYr2QejPEna9EyQpRo9_E99251RxpZ7zCX82ArWdiRWilCdN8E39kL1gQau3Xc_JrVdXFuHd60nx-2Hki
gAAAAABoItj0Lz6sYiJAX469_uD5q68d1MaHk4E1e0yeEjPNUEF0fQkArNdCMCGyWkYkKjxKj5dOify9u02zrw6jxzusIT_KQxqwvxJ99QiJ_mPIJ1fywCM07UYbf_2XDo9W6__czNH4
gAAAAABoItj0sURguL5IfUPuL2tB3_Ysi0vPklxVxxmmY-7DUsMeRqMs_w5CQUsH_bapLak9XPM9VpWqZK_eAMQVgg1fhiCrVThKUNQeCmfVWU9UllgEf4w2YSdADGFDf9qCYSe1qc5L
gAAAAABoItj9r_g-6AZFcLsvDdQ-pLlxVy5qqPxUuSjwLe7gAMEgEZaGxy8TFs0QFQUtd9eVxusZHbO1PV8xwpGliaOBwLXjI0vmnpMQte61kdPNTEGc34rTih98LO_D48qJWkQwG2RD
gAAAAABoItj-7g4wcSrCAs2t1WIrU9wqjt8pD58VrvFq-F9xcrHO4_v9DnkfO9ZbuA0QSYHCm41MpnKeS8U6qro4v3tfOSzIpUlm2XFJHVCohQYfeO97iFohpeW-JJVFbT1YOw8LxefV
gAAAAABoItj-e198vPgNfUdh6cIu2f_lGv0HBA9ZJ9Nl6giqLvWqXpkZKqnyflgCG1Irc81g8bqeRQmYhqLpiG-AYqhilX6f8b35HxyQ-NOll4hhQmAOvpqcQ9mmSngwic5bgKV_Ml4O
gAAAAABoItj-N3Xz8jBAeiBe4j5O3jb_mydQFb5n0QnHyZDplweO_IURZh26KlZAYyCCAMrjCxXcasyAFAmxqmIo0yzYoJ99q0wIlmPmGq-kwN5JbO0f9BLxxwQjFw_-7g5xsYTfbJku
gAAAAABoItj_WOJZOHHH9LOqLFeFaWsENYf5iShKPWsJL7CU3CPXKtvKTxTmKOUhHAPx_sf5JJcMYizR6vuwjVWijTCZGMbkCRaRH5jpiydoyy8d31OsOxhr7YY7NJrdH0zlT0onNGsW
gAAAAABoItj_4K-8-L8XDOnnZDvw97aV3qt4vzjlpm_SlAyg2pF9w6YEUHqDzMxjhUdGfhacsphnuRtSb-KT_71n4UZyiR21ZLPdxp0pDberNYN-q_MBfo7hWJm0yqCj7MTUAqZ1zNti
gAAAAABoItj_iTosAcgf1XkO_se2guDr2cZ0bIdSEQkdV0msMJ82gIQRMOFnBmlcZPgB1ts4S-uGhsZQSN2DISsQ7_4dXc368Wso6LAewDYzzF_1Tv-8EDre3ioPAy43SpGj_U0kcbCg
gAAAAABoItkAdK5M1fRDXa8ybdM5YtULbmnozchbOyoOLIkDaSUaIIMIIuyVaDGrJwTVQ_P-Mz44GttTp8ptF0klR-SsTIQ_DiGK70RghdmFMMpMT0PmoR8dRRRkQqg-QkGWR4m-VEYl
gAAAAABoItkCfbpHEpi_bz9tcuehGdA_Xsy79cnlcYL37nPA-sA3p9lZ5Zu8yC-60-3ZDZdf9JLf9ifMp2KzB0Ddr_6BaynrFkR-UsL0ev3yGAhhFIH_ITuN4hfteLAOkn92DHK25tk4
gAAAAABoItkGo6RKeweYRncVi01fSO5LlBnOijPTjhEXAOmBW5BLuG3uE14YbTx0hIaCqeyBLfcAgJIFhbxjOnq9E-hOOGMgGxuItNfSQnOEH5E2ZcSQUkeHPowurz5Vi5Iy5fHpSDxQ
gAAAAABoItkHK57l3SVftVWx9DIKGBmKtYHjHQ4pizuLoVqVQBj8aKvW8uXjXX6o7tmvzUd-Xd5UFX1l1wRajTocvHGAjDf_COYgVj6rDJIoecSB_v9JsrrBCNwF926NAJAWE5bFt2Pd
gAAAAABoItkIbZ4o78pw-E-Vb6fzQwWACRMc0u0VfRSWo7nuj086w20k4H9swq7af-lTwapgg5u_9cMzCrkkhEQN0_Vitx3ARHFY6sSmB92d_SoY1xB6_fvcHmYmc_s-j55DFu-SqTKU
gAAAAABoItkJMlbyNn8C8ouLmHOHTiQuv4qAw4mGw-oGx0zRAzlGxDd1NdQiHljUAn9jgJuMfPibNbi1LMhe6G1rpCwvQA5JLlI6akkCdKsz8Yhj8qhuTZ3iEsM4-dw3vCrDFu7v0ggx
gAAAAABoItkJUpmwERsHUt5IL8SwWueeV-5Kkz1tFz690pEDAXQMZzlEr3cKbHI4RSFFM8p52njw4Vn_7_RFvUc5zjllfKVYOWHGjpuSLHpg82YwHYPINSRbVPS89Uyc6A0G7_Y3jJuc
gAAAAABoItkJUdt2RJauioC2-VA0IwsQmeUtdbHDmHdGmhh3Gk__zMXCC7veAOMaOkVLk31QNyGnwEBeoQjXK7OMl4YjWAhgXRk-hxzzq1qRpSZsGXswHbKOdHYIyCoHnME9fPYYNxvo
gAAAAABoItkPuj4Kwz7xbLduM8M7HO_pwmSTgsrVofMZuUj2qR_-XNnZYDlCQrZ8ZBhEowSHvEVQCVwFp_q-r34k9usd-D4C8rYgMKVBJ0-C-lnsNTDXjRBYdCf0_WH0t1srGGklAOzr
gAAAAABoItkPlCQ66Y3vyUs8cnzSsl5sdhyutIzr1V39zaVjZSEWL4fWNwSNesXzIuqBWclw1ciV6FT66HxggLZ867xKN-m76T8QcLzi42LaCqrX2t9joGB9OdlOHWlzIASJxmxgwYSv
gAAAAABoItkPDclFPcS1aN4EYnV0jEh-a6vMDbLsry8gaV_8-EZnBsxUwosApO3k0mJx40grYURO3fSfsIJlupXGZaRFGMqhalT9Hcakxu7C5zCHdE6cMaSstLxelyRS2aoyfA48hO5c
gAAAAABoItkiunNHTXNlWGNutH0oHXgFGJUWcn1D0CB_ENQ891B-DBmxM35gMNLF7sLFD367SpTkX9fsOVuEuV1Wh6r9IXFkLwEdYCgRO4WITCrGdD1TxWzCpXu6P5Y7IFDNu2KEy1Mj
gAAAAABoItkiV8EXM5lgmzHohXxkzh_j5BDUpv_xNREhQzYRW_ag78-sth8X9N7VpsDvjgWQ_XAZbJGJfj0IH77xr_wLEUQh40Q4ic9xZc_VwPFa9MEv2I13N1Dsfuk4ewWqZjledVl2
gAAAAABoItkj_-64iRRDNULtsTB-J1zOHf5AEdzSKaTe3nezy0HVWQLmeRn5NqOxiDQn76rCC083gA8qNjMJulCxpGv1h0QR8O9StucmFoJPF0_ftQTeJehc_-ZT1dbL9Nwmn7s6WfCU
gAAAAABoItk8uFgfGEQxF8-vViGSrf9MWDtV-upBBHAN4Q5ZNPGVAiAAex2LJC7CK8Ch4XbGQNJOh55sfOXxVy8eRm83jZraWEn6ljrsfzQGuhKAcfKgXNeMqqhziOQPryip0l4bzSKU
gAAAAABoItk8AOrOGlIbgAfqMvhDZZMLG7o6OP8v_5uK1cTFEoT81C_0falxHG3wxpuLcu2sUeujn_Stp_pdJXABZ_IIk-Vq6Gnnye63oS8x3DzprCZmcdH-sT1l5sQp2iXu9EMKhmas
gAAAAABoItlAcmdA6ZzyXJNyBkMHq993FdmYB-LuqbirOQFGttiwlJG-R7mFS-AFlfxky408HdZLy0Dy3Qh2vgomNLe7HzrMNZbGTsC9i-zSPM11fZ8lkLEYRJXSxiyfYyz2qMDn428P
gAAAAABoIvQ_KRhffCB3QYJsEn3XzD2Wr7460675wHi1TOeS3LKe5TJ_p5BlFwoUaDELfnGnp_oDfnx48kSIyTVCcjgbRF0q6h98aiCgThY1hfE6QjvvuxjccfeaSUwZwJXmMYxk1SR5
gAAAAABoIvQ_S9QjBLx2WEAJhlhabUvoehzUn_VmwhfbYcNNfJErg7EH7h9z7uDfSlROdFPZXZkjeEMXRI0-BTz5_a_pNsQjjCdmMwV6LldpMW5ZbHsbNgQJXEmo-XerjLOAHfxB_YGs
gAAAAABoIvRASoaT1EjOvMlclpBKrQEbmHkFsgOxifccRfPC6Zp_cgRs0NB3--ParQzNu8_VWIxR3gt_M5igZ_X6-hEf2G-f3mCWCY5qeynl_bjTFhsL9ShvgWAhCB1DGXbG_CpDIf6W
gAAAAABoIvRBxpiulRudk6hb6ENvCssKqcPejvo6Y6Mxa74yyUW4gkRx55wH4HZsIKu7CMzEFXyWNwSGUun4Lh_G8RVFY-vsBJb34AbtDm6fu23vJVoqCL3qXCCkKyawxqZ9KCR2pwci
gAAAAABoIvRDiX2Eo4Hyq4uYfNacCjoBz0s5SbyNPRG6uoUq-j4KfQNy5cWzHIwVAFc9kEaAHJJ6IuPj4CtTFKoAzcKYTGhqjKZAYIBWo9Y6RAe4F7p3kJcNdRxfJxqYycgKHRxQBdDq
gAAAAABoIvRDyXz0x-p7PNa7NDPXV18gOORiklAvFbuajuKN2JqoHRFFdnQ4FcEk6ut6tXoXbUix7ox1UnMFSRgVs4iRfL2B8pePvvf5eX7sDFt_jEwtiuHmFLTTDBbxe7eoXt5enYQi
gAAAAABoIvRE0sF5UQPAZv5EJDzgB9hrk3fpfPtuYGaLU75dc5UEBwdooGBawaup-o4K_Rhutv4NbIKXcw6IdtEtyeZsr64p3YcRqbq2us4bdvqug4ZjJyEWIO9K4E_gTzT6ZKp1o59V
gAAAAABoIvmkHEbVgRAVARk49VGiXdj32PT3xJ_RQEpKmfiUSiHdSFGDTWlHRtRjSd2SVI_DKAq_SAL17mh303oQoIrY_Mt5XtE-ejZGwX-XlLxZflg5FK45t0z19HBTGCB7Y2MK89BL
gAAAAABoIvmmA-m__VayxTm2vidMrxODShN2hCvLal5oPs-kqU1Rc1T2RZzCpXSJ5wM5Rv0grA7KJjBJ7AzDnNl_PsDkuv2MHwyQlhLdxc2c81TMeNXTW4ABKZLR1dj2aNSHhWKMpdKC
gAAAAABoIvmnlyEtMyBDcmR2bg0zs0cuKnRxpPX8lwvoGFE4pnl0m4YAQRz76z87QZHVSki0xZ8CjgOLD_YzFFcysvAmcRfhAp_mISI_gxgAOl4fF-uJDLKzAfwwlLCk7epOSe7zG12R
gAAAAABoUSomlcefVow8xfuOBluV6-qYGniuyDTd3NtC2jXq2oU-AaQvhPhzaZSkqXpuWGx6Fd3C_TN3yVfE9eXbWCWvMpbeM0-qEL3zf1uDZxvn1QyPXMa_zOsnH1Mxy038Pzoi_Gib
gAAAAABoUSonpzCJy0ADP-UyQPQkDUSWGsjnI2hS7t6SNXyWN-D5yvKbqe1P8vrX5ux8ukYHmbKq_PVj7kSPzF1d6a486uNM--Yf6_Smd3Jmm3AXJaRpQx8V9y7LYV3zGidm94xTZ_au
gAAAAABoUSoqayKj6DgZFT4PUXQGMbzwW_kI7E_0DHYVIlbF-Xdpp4pE5mI9uL9Vgt3e1x7GbC4-1mOTER6_5ov8XStnD6JePWyR34UCKPKq7OvaNYASVr9xGzlH_O6vZRfI_4eoeev9
gAAAAABoUSoqjp1IydWLfU5kjgBa03UfA8rSypCOB8R6LsVbrtkbE0uz4Dj8mBYcczdnGSUIrBgXDFrU5JNNo1VsK8Xc7iqxC3Zm9OGTgsLYD1TgNrfQPwXHgVCnwyr33vhKGKeMFaFk
gAAAAABoUSord8B2Z9sr0ht1zlsgFuSNM1RvtdG_u95SpyZGfZrQUbCzqbSm0UKNJKaqi4Fp5ZdS7mfjMhoAm75ED6MwPAPnypSe_3-kyyIzaX9QGs_ncMhKZi01yA56OZJ3-4W4lXOH
gAAAAABogFBoqKqXS3_9U2KjKGq2V-PgeUbaR6cYmlMYg2nir2DbXxzRxJqqEJFIrKDF4hBXrrXzjpXJfcLxl8qTjNfYmhUukq0Vns_dbek-5v9zdgVlzyMgO6TS1ELvS7SAA2x1E8OF
gAAAAABogFBpsY2R7HSdAJtQemGwihOZmvgPqseZdjWJ7PjJtDaiIHWUVeSYuFA2Ui2qSp7FzZg9gzEou_GIMGm6_Og_j78DvAcK8AIPz0RIRf9M39Rj5IvNMnyOfVymoqWTBv4AyH5p
gAAAAABogFBwsIawxES_QtN8egzzuM3poP2LQ5I2Mfbk4IV_wYxlHJPJFzrK1kOe2IDFOl38eW2ruyfyrw026-0ofw8SPQFb1ZoCzWkGMJK9HDJBaCLA4ie1sTZNyUttNUr2sSJ9sfz_
gAAAAABogFBwk6mNrrKRzEsyJu_oR8v0-NNXMKXZfJt0UnBRYwrTxhU_sJIkSTe9vdO26Kp4kGAwvUMM0Ho891VuWoxauVT3wxq8YP4QJ8wdyxjHIO9RB9B3Gt2fZDKbYzbFsbMhF2N_
gAAAAABogFBxKY5WgFOmvp7mBV9jGNKhsae7imiBmyC0xzuQKMndAfuZFFtKjgjQYcq5gfCEd6fpT-1wCrB-n_oUXQzKhbbwKbrD89SDDerwE2qIBUMBqVoau3Cl0xqjQuQxInHcArXp
gAAAAABogFB6J7EF5nlGRF08va5Pd4fqslsYXvggHBwULpYEVkD4Gucijp2JOGFrkvkwQL7_cWO_MrPiuF4bEkxST9MbTQCXR17Y4-MOXkUTdHRoJrmkJJyqzvwaKepP1SgN7-h_6KIX
gAAAAABogFB7crrtdwMtxFRJL_J4pvVhXJ4ERLoAPjAebOQYhatZi6Z1DXfoDsazg-e49CJrt0rF7xSwz5tCjnUPyfmCuOjy2YZGoKOW0TTSYjEuUuwjRwznHSMXMMhk-eAefcfhwXw9
gAAAAABogFB7LM_NfO2vR6u-BIxBdmYro5mu2BQVbN25gYtHCsXD1vGuc6HXSat5PQdMGcjyXpzrSGOPP_p9M0ETMWMGpPX3ghMeLykjD5owZge9yWs_HOqJN-cAbdRCOS8VQS-qcvmp
gAAAAABogFB7Vk_fgyJNK1rQSP1HZbxjkAudce6ImGzYvPGWhJy5Md0WPDpHnmz1oUZODCS0bwctenDUOO4wT8x3UXVB4rxRO-S3M9dybEVRl82MvyGbSV9f5rqkQa7_OoVDOuw0rJyI
gAAAAABogFB8IjKmzJudon7VhPE5fT7etgTUKhpll500gMzKuKIqkT6XXMyoinjvNJ7jRxCcZLU05eMEyq-b-BBQW53p97MGu7-NqJ3R_7viwbPr6FFAi7WjAECjcRt_d5EmEf8AaWnn
gAAAAABogFB8M1lHnuZAVXkHD6xnlpHRkf4TWSLgLzww2vd79OYeSBh6HYrMxfWr8KqYFDaKKBahJUBIw1wXj_lm35IvBc4KDrHVFYjpIcrfhFZe0RcHdtr2VDOcqjy2HfMULMGMXkwF
gAAAAABogFB8G8LO5sDOcvMlTyu-nER_CCocWT7PKIOuMsHZg3TORb7R7kllwinlIXx3zLs42JZhmtgNUJQ1yG9Tgiw4AUj9s_v8h1zmlvWt_pMIhm4261aAcuMzbKZnl6TBsMMZFzVc
gAAAAABogFB8SfcsZ4McBRjwNON1ZHd2s8utVEABLYicmIfFu17Y_zCnuy8NyvSaBHPSGC1xbr7OTee1kKiDquMBAD904LJAIc4p5mBSrX_iAxIAj1XttR-G2cjMONo6svUwkwGoxL7w
gAAAAABogFCN9icir3jKZIlGYu8wiZPB7F4WYtqQXEjsbMOcG9jWVcXunj4ad5Qsmj0DyKXLmVEI8ufgrd93vPlQdANvUnBmcNAlBV35UM8tjXnzFCmZ91_ysSCB862jk7rr7G6vU6Lu
gAAAAABogFCmViLKv-vONHp4kS77A5h3Zt0qKVxHtFjvoHM8TVMkBsccZ-Yv63ahwuE-wUM0T78AaOnEjP3YXKfneBcYxJsGLmD2-MwmzPxrTWKPfFZqpOZOIdcxtUFR0Gy-Jst-zn6J
gAAAAABogFCmDvkgzViTIDZgCKHZFYZIMXzagEXVLdliEg5TPoXVcuEV-zi0cltglcr7wu8DDy-35jQ3YzMZUWfLxi7oZ-U3bx41kYtnDC2RKOF5B5CHStYMdNsJWnR0n5H8F1o4I_a2
gAAAAABogFCsRURrdBJ8huJO-e145uT7CZ7X0aXroAXD3B7zWqtuNlzbeOH_OHU9-0znZNVxzXxnS0noh8oZGW_ciTITCf8XCZA2X4C5Heej7JD70lwaARDmM-XCKlm9bysEjEL-vee2
gAAAAABogFCsMRzbuWHjkMLKVIksCCFtxfhPQGEQqwhcPNQjokMlhcr21mLZOx1SdJp6bU18lfuiI548H9jpStAkPPxk6gqoGIjzFuzmVb-TRwM8cL-B8HGBNQ2RBO0BmQR0oRm3Iytp
gAAAAABogFCtvkhGgKSVVFGJBun5BbWdXXmHCZD7K-UPClrfHQWuC4InLA22FRu9yUlb75lX-gRbg-hdybaa3lc_eeieaxQRkw0IlKBGeZbMyZY4nfiHe64r6btsNPyEwYBQen8_lcFF
gAAAAABogFC8aKuHxXIFQkwU_qbb_xReUlrzOu4QqpNVczj84vkc28o8A_aA93Rr9hpxB5JlSiWpIvgOA9LWLsRl4L7dVW9HHyN2jCbuECqb4cat_DnfJKgUS9d-1ExuleTz0dE_nXEV
gAAAAABogFC9pw-83gGgWpLx589wCD9yyPACtIVsj6H24ynkHAQ4iWi7_f6BOUOy7N2HUdLlisM1uhO-ChNhNlLAtDrcNuWIDnX65l6UlejHM4IdCgtu9d3rzyRJwO0cku8fO102JqdA
gAAAAABogFC-bZ0gJm_fPhQhHR2__wrtNca_4cUqEwZ077FFa5huAFuqSQ1xDbpf7jgAl2SRMeb2eUnBavRqBAs-XqWRk1dTgRhhNVOU8hkfHQaL2QgwWSfeABy6MjHcUnP9NtUxZXaj
gAAAAABogFDDQy1tOwUGpFdBMHiY2xnnAdXyvWm6Ms5zMsQMt1xwDCxR6LMQ21OYnU8T16EtotWIgtC7_pBTwKuq_Dn4KzCmLLxe8L993R90WmGyRvQdq7cqaXw68QJT-AUGDwcGMBUH
gAAAAABogFDDd0uV_dhU-WBeclAP86L2b_LalgQDJARwj1yzqZXC6OD9uwGdl6Cqy-kKda34RNegHgPtyrMa_GGR1NrhZ_zKmFbc7j0JSJvwgfNr1rDFd-EYAOPL37j6VK94TC7Yn179
gAAAAABogFDE7uEclYUUe-OG-eqy_WAi7X48oHiAC_iw_rjcr2rNUTF6eCY2tG8n-ohRCGYGKW9SW_PaUiM0iL_Q9WL9dxogHruJ8UYFi3zBMTZ9OLeHpuZ5IwmEkDXkGanSES57c_hI
gAAAAABogFEEkImzricCu7ElruWlPuQ9AqoyXJsq6HweX2c8mOBcoQ607ypiXzxnR9MySXRYD3Fw5Rb2ei8L1EnYyjWDL_QPn1LlqjaVY6xrWVyFmS-bf30f6dL0HrP3kVjeQ81x6nzy
gAAAAABogFEEDFljxh4zIZ3JrDT3708HCXji__NeDNHG-SmzmB_CCy46TeK2HpfLXefGFoK5ItPjYtnwv2boj1S7YKcdEyhSkfHTNDawf4JbbGCoN2JOi0k9ZLnrDRaqy4UTdAFRAvC9
gAAAAABogFEFEO8fogtYGknLcMn8SpFmPd_8CRvE1AKYS1GvZM2xv0kNxpIIWtBBT4byQRldvYq8ZdWFwBVqTbT8SBXBecjJfMryDO29t3_0sqBgWN7EbTDoAjjwBuoW-yl1X_zYin2Y
gAAAAABogFEHNgSNVWdSiNG8NDYOXKBN0WLeMiKlATushj1V1ohdOKHqEmKohJZn_6cSFAUYuawpe_B42ss2FO6GPL0nA_6n56KV47BDUCceO2R8lmij0Q_QyPJxxXnskIDrQVlWfQ7c
gAAAAABogFEIJAcs8ovrpoegWvt743lzk883kZyZjTy4h7vgG6b9YX593-Qc1YkJq0g_L5RLjDJbxRP66FOpHC4QkNsDUoHGJEgyo5O0rXwivEoogNA8EbNTAezxWzyAtqO9dtN5g0Gd
gAAAAABogFENB_BsATZyZyRQUXveC3_To9PEjJYEFwH9a5i05siGmZyrLA7waT_h0P2ReIZY8q3Pls_IxsOq7u2-OZzL7WL_hrNJbf4wUy_-qHeeff50rJOf3bKMCjViaIFBwZnRk4NN
gAAAAABogFEN3s7Bg174Q7KOTD16q8GudgPGoD0KkEOoconSSdTzBAshjKZPmKs5QB6MwnslortA4treX1Bf5nzZkfO_mggtSDF92MxRWdQt6YSOBTMwHA4Lk2AKJ6azlC-T95B7-wOK
gAAAAABogFEOfWzFKEiwtZYiECmdtIlN10v9KUNTOj87JTQqyaZVH3IriEP_TQksVFB7eNHMtRK9KITr4P_HpGI9CTEpqc8pgICUurdDqErGDes7fHEffZcxZBXY1ZwAJzFtEg_rZhxa
gAAAAABogFEOnyUgeIMs4JrKdUEsE92LnHkyEqeX-w0HWrnRAZOMIZDTpVnPmD8QhSBr0vZ8bTTZOeSMoEmAQjc7Cj83Eiw968g6wD0KS2W6r4RehHO9LphDuimDWx1tX0oXjJ73b8Xb
gAAAAABogFEO_VyKZQY1u-o1v4wX7KcV4tzcqlcGJ5nPJr2iJizUsg2Z3YjuyoDQBtSQs0OxoYr2OJdDUVQBTjgT2IqIAv6dbbs9eLtK_J53cH7bBAS43PJ9AxXXE5qhRJqDa9cT1ezV
gAAAAABogFEOq_7d2rVawFv8EX-HTIpFFdrn_WHT7RX18Hjize6KgE4Dl_BPT7sIgIeTwv48ZCh4Vq-hJxvYdw-FULWncZA9wh59sXH9fVDqCzWe9iev72P7BVFYWl2PnI6gAbJe0kuu
gAAAAABogFEPlu3RoXNM8Fzi0hEo0bFz0x90M5WeG5u-STPXhErgiHuCc5AY-d4CO9BePdBIcKiYubeuniMFtOUq3EPEBrUwiUg7l3fubZgbWEaSkTzQahcTOeyAhXGhbfWW5MM0GLB2
gAAAAABogFEPFIGW13aR7iWL-C63WARwxJaSBpPabaFy6L2bmEFRf413_7r5ZGA1zzGGHwjO8Gx9prLGjQ5-QF7xaq0CAjLXXAbaaxkNLzqbADzS3L22pU-MT8EIZNDE7Kx02VfPV_mG
gAAAAABogFEQdabDrlLTBFE1CiKAP2n_jms_AHoy-pgzSRlaBPqTWS46oWhrssjvO_dIAdd2omD2ZPsg7ZnRb1FVAJBGMtBFwo2erC9bkgsGPQneWcTBHgXGYic3VHW3t__8r35mBNr5
gAAAAABogFEQNehUsEQoBLqSavgHkSmsaeNF-YYytafJqFCxCGPYQOuZIxaUBO_0mfMBzJPhrgYBKRc11_Zf2ba8aUgHSmXiJgjnhKfQ2HLXfeme9lYw51Wq-hjz4OfOHUjIUe1ygjcV
gAAAAABogFEQ6ZmfWnvYrrevGVwj7gT82W8oklRvsxWE5okoeySMtnjL1FH3nXJ2ATiD5Gp2FdTYfgV_GGMskb6WVBZAPPsibGdehjLBlOAyc4Al_wngdgj-caKz8AwvBlWMt60RcSpT
gAAAAABogFEQnjaNpiSOpe8j4eG1-EIazMsD_rnAOQlxGXS_Os2uQYysYIXxBhEOkGxWEHRUWcRr71GN30RkWjEPNPcBfU7p7RomoS2oBlNFasz0paQgFuzQpYzDihdyPc0Jig5Gklmz
gAAAAABogFERO-Nc5OgZ-fIsH9SsYSHIqc4U9KOji5szXsiKkEe4ZXnl-YkfBQD3uCSVqx16BSJzeA2UEqTifalyaRtfWr7rJMQZJ48Y5tMcon7crFSMWEG03rfixlJJSIPfXjvEquRE
gAAAAABogFERXrfFco469vnccs00LmrBVIiAgyJAY8RXIGkNazJ6wpcEygInKAR64RhZPAWn6oV_KpHQJWDIC82VDsSmFEH4dstmGKY2QB7IjgNfvU4mnMeweGvWDh5wIlrb1aOBD9q1
gAAAAABogFESC40_LpeJParamyv9zYTFwzHnk3fS8l0vv3swBFgjCQxRfs2EImsKCT3iugZgAWAdItxj0_n5sIRHu6QUgDopnPLRRGN8rqkR6Gk0-exISB8G3luhelWsEnYn6FVyD4le
gAAAAABogFEThYJO_2ikPzdYkcO9JQBKgqbLgGlgfnAuhk12rfw_I2GZD4aqfd8dzoxJwlQlBW2M-we-biDypPOdTUoDi69vz89T3KIpIfpIQ3ojjCXMJW8thEr2b5CMubO2giT1bPpr
gAAAAABogFETje2u9JSWr39xxi4Hi6RnBeAogFQepi9M4MnSnJ_psGi1VYuNT7J-kxtZRlykT1BJ3X7iGDMYsFtfdiJg0kgaUYtBiT-9jJjWbgoc9petuU4DXL3qHba-SS1QZqEqntLz
gAAAAABogFET9jZG9uMBEyZgsIlArbGefUpPTBNlwJhqKJ5Awax7MA1Q2K3WwotUhB7RkvGV_6arHFkx3diZ02vlVqxN-Htb0MlMYoMzEvYEHPCq97MiVnfZuwFMuWRRWEVZ9zzJw51O
gAAAAABogFEUPhPBYzDSVsl-4lQ3FizmI7r_pWD0_UQ8exoAeEiWac-I9bBMPooQv6ttJJGG5VYzJcNKiK5w7XN-UWNP0r-2qQvZO_k0oY_bZmL5K__dFWYwmRI309QfQgIkJe77_uE-
gAAAAABogFEUIKEOJgHXJ7D-khFdXCzi_rOz-LaWeLwAFipxE18Pl_Nx2sj-QcS5USikk021NAJkLedcqjJ80AJ0Ko5R6v4an3ZngiMP3KuDjEoSj_K_oit9_MAl2ULlMJphvg8aiBJa
gAAAAABogFEU0XDnqviqW_JO_stPcc5lyehvCo75OMrVSTbNjUym5JNRxz_SL2BoYwBSZEaWzvn3KxIVBQwboG2EQshFpG3c_ifENhoR4WgyQpLxelSXJ_Qc750S6OFy6Z58UydJoviw
gAAAAABogFEUU2dZ0MQoL7mMGOVWWafmFVWKc4WKQdCnZaPtMldG-NNFFIH9jxpfBtWxZORVqskNnRtwAB3k_BW2v-mVpkD85rKQ8At-w0rr7_u-FXxun8sfS2Ks86AWwwlDm0Izxe8f
gAAAAABogFEUawNmLySrR3AOUW-AkkR4GYfO0XRhHPndD1GQLVYR-QgSXb1FZw-fVY9wh4Onfql4bAg-xPLrjDIW09pKr1nlHEq_XPqRP--pwvXdMolNpdbGHpO3cY8QEIbpMbEeNpPM
gAAAAABogFEV9n2QxJuvlbIU8PsePaMNuSERQWkP0NJRfM7mpoqG4Z0j21s8HHrhz5bqOxy8DlXsW7gEicXtFxSzryfuF0GHQmEJO3hZ7e3X1RSsooYHtm4ZmQzQtL-leDVang2V9ZLF
gAAAAABogFEVi0zL_KprWkPaYCSlIA2d4BLKz6VHjDsnL6hIgmHnl1x-u3VAH9U6ChVSuhSUw_zgF_PARBDXnZWeaslBbXuzfc9odJUHc6DLRcCxxJ238qObOdvRG_BIZfyb5g_72-Jt
gAAAAABogFEVkkdFufcEtYsnDgEYjAAuiPfQadxtbndDnx9-93WblqLe0bqp3qtZOOSdw7iWNZ-LzQaJAUXFlXEzkFq9_JYL-CYWw5deKJMZchY4im2SnDDqUovhbGK5yL9_XMJWG-h_
gAAAAABogFEWe8JuQTX1K2UDNiWiSDQJ1fwS1PULCVJlCyyitIchn5hETiTEylQLgtJ-yl1g4j6zfaGBrNKHcLa3r8gxxwqbKImeZR0lob5ei5IhRodpqsfXKIQDHPhzJ6BkLNLXADYT
gAAAAABogFEW6sE7KOZN_H-bOoQPH5RR7CRy158fScjJ_JIPPhvI01_fX_cy6m7x96-6YNe4ioEwNCvMTJ3dWEoV2cN5fkgg2J-k6kA3iJ82Dtqr9dpTqLkJZJc8BQLtByzJIglvlWOJ
gAAAAABogFEXOvTqQViqKVGoaNex-74XGV9zwGJ_iT6A2n8WgYQT9ym6UIAx7ksUROVLUSwT80QlmGfBZENefJe7NARbTZ71kEJ3dPZ6NTl134JgQCCIJFIEPsS3gUwfopKfi6CBT4o1
gAAAAABogFEXlwB7btRC4Td0rSRIwGH_W9xufC7-_vf5EzoCcmrJPpzYBtoO7uz4qgTFJu50JkxBAK2d51GW_vHJL9SeTY1jkn-v2pFpUcrfGRQfPswQHonNs4lBVovzFtJkiH2waW_V
gAAAAABogFEXJbemWrk3ltByb9G8LIMY7zFPmd7jH8mErK-90npp_tMRpNvHiMvsxXUUwpGs5g8_ZsIkqqDcbb_dr1NS9A6dtF-UzLB9HD0YMqReerQ6ssRKdTrvOrHJSBdcU3zztugY
gAAAAABogFEYEjAMvB5FXIe_Z2jTm17Q3bVp3xB2osfFnQgv3zcdBSKfHGK8GYkhrtXCTXnxvAW0B5yVDgbOW2oN11GtNiA_msHt9hCHxyhibcoSAQZhA3IGL1yz7xkizRUSqbc4j9DJ
gAAAAABogFEYRpqcNmaDhZzgIlyTxCI67EuhyvNGAv2cxBlB54JHXXs2n54zjVhUUO-thQFsuGPsLx5O5hgv4FwKHTRtmOZB-VnZOLKtc5wccK_VDWbfdnzowqd0Z08S1fvZUTgn_C4j
gAAAAABogFEZjx62ijROTcAWkhxx93xTFxww0MAiE-hBSYW18iu-gmf4fZXYpvWDN4eBYE7JRpYOwcWN5f7mYNlGpBmzQcZZygfGbglzxwNo3IgtLgbCcreSVei70CUnORz9PCLMoS7L
gAAAAABogFEZUplik6KzuiMCcNt3EOhC4jmpABuE9RHJSqZXMwj6MInOn_dZYIljGeDakUepd3ZfniLc0VJeBj3-dA5NVHeugW4RUOmuKz2lANxTFSqcinWaLFR-5dzwftAUIK87n4vH
gAAAAABogFEZGjEDDegbc_LdlhnZYRo-3SBkqngFzGEkSstN6drtj_OpOD00LV1DZZnwjybGQ0pwMti0RRkc7594w_8EP5aCcGYNJsINQ3UhmH4kArYFSrH5Twxps1yOaEN0-foXZXPq
gAAAAABogFEargK1hY4e8bHI5k_xtk-XF7MEj9VCQTcZqwQuc5N4bUkP3UPaQZC6kex9vPtgnGI-Vq25gdqvpjVB213bWJkw4QF7FIDJFASKKXIVz6wBsEVbN1owJrdbbVx4K4OsPD_G
gAAAAABogFEbmTrBiuLQ5t8evV6ay1NG5k8myJ0Qjcb9qf_ZL88jkRjS1X4ENbBJ3LKfctAyeAfanUnvOlEtIa0jClo-eBGjEkbLLZqg8k35uZnlTwvx6jUrcoPpRB2HhjNbDT6Sk3Xg
gAAAAABogFEbY1u2ojwaitZIL7cI9lZbF3KHEeC5SW6eRLrL50uExGeVP_iKJaN3vN1kuR-jQcrBpC2P5eufzDo6zz-ItYVAehlsM_d5GY_rqAO9k0jKkXIXOt95rruUskMrE4kxvgzo
gAAAAABogFEblLxBDkbAKZvTjtWQhW7yKVrwuk__M2EU4N6wAQe_u-_MoiA1kimmw_IoEgfMkvHgA1FvLjZ1ceBsJRbxvcfyu6TbdK3cp2ecwGW0yDSjU8SSCm9yFRMx7tyY6-RY6xxt
gAAAAABogFEbh8mnn4j_x0VCqI7FP_Drrz7CteBaEPQTOuxNRVmQ3pbJi1RCX_YfLlsgtDFu7GxJT4U2RQX1LCm8w1a-OAikG7suDDAqUwDk7mt1TTyN1xIOP_EaNrc59e_6HWJz092T
gAAAAABogFEcf-E5jwigQXsTSO3tLTtrMUlXPgIsRHbW8iTzka6LUc4H686Mg_UK1rs42WZfyag42J1DzV2ptJPCXwnZ74sCImDDU1JKihu8cX6KVpQUdYBB9SrlhF7FmDozhRNVD33P
gAAAAABogFEdpWO3u_FiBpUxVyGF-xw7WGKXsMTPRRBG5puRDk32dieblyZPPHA55jLbxqRu3KUIbN3uE30Z6XMLJuDDIVJl827JRKgjYNcwg6yqsx5F3Ery-VEqSiPxtOl9uxlj5IQc
gAAAAABogFEdPeV9y2UM8UKYufXyjePgCRH9MLm8TIiwSpZLq2I50AckxTWKK2LNUpWq-j-fKPHhy7fe26HHY_Mhgvd9KjfWBw5CceX2OtpZz2cyUdxDOVCGXKLd6Qla31tukg_ZGoNQ
gAAAAABogFEeNyEnLTMda2tYav6J_fQ8ZpUXkwXommN4mta8hlb3-6kPrl_D24GxmHFTJlO_nseKQiL97tNPa0QQtbu8mCZWq6alpDWIIuL2wFAV0e5uSuXI3aglstqq5bGQSWyenURT
gAAAAABogFEe9DxAubHUPJbQwtGx_gPpv6aTMt81GBrLV5h1oA-kxUC27MtyZ2bNw4vysAhBzVXqCV5f3zslC1RqCMXd34D1unEiv1iURHNynf6NJ8T_uLrsOfjDzUnQU-yaDbzw-mE0
gAAAAABogFEenhl_UZOsoh7Tk0dvS-eRwLkd_KR-95Vo5SVv9_6OguW71tL1M3t0Dhe_uHsapGcdgfVXLGbsBpFsGkvfJmTq8lTDY-mCLIvZQefrlmaZRU4Ttmpfd_h3Tcvnb6PH663Z
gAAAAABogFEfGqOc2IN4O6NfzsROhCqJVn9j3tUDOuu-FBrtObiMY3Dse2NvciUORbif0v0XRkwprpa3QaKNzOLY-3JGiW6sFndyYXvNJEhhnky0-9EG1gCYnN3gILisfgPZmCXW4T3U
gAAAAABogFEfXxCU1BGDrFt-76x0Xa62WuYjs7zjgiAj6TIMN1fGLW9YclkrHP24yz7eVi9GuYHtKxW-IU_LHxss-FrJRZhmi9Ho43INV29n9m8DOvVtLCxhSiMOyekYjPxpObNFhALt
gAAAAABogFEgqsQHq19T8KVyU3_7nIXb5XUjWxvjFAmB944fAPupLmPe5sz8ytecSlKB0seqf0QvefcVWFBFVB3BDHn6CDfNTb1cJ477LewjU-yETr5i4jV31AsQYiw3I_FkE91ynXMW
gAAAAABogFEhNswzY1HKfmOALUFlaOgZPd6kcIv_4J3BPQm3UrHGMJioh4WdZ7MNmJ-vN3VViyTjvfl_UB0SLkgFLFnrxSpWiZHwn1ChZ96OogU5eZei2yd_1vvbQcm4LXTPJmcqKIY2
gAAAAABogFEiB0ZTLxnGL_318y6YTUBhrSRX0J6ZXLXQS9YraTwrU6PNEcctHsQbyKtJUtkjIkYPio9YvmLO2B4e30Jiy1gjpw-cJ7XRM4znomSM7RxFXD959-2k59md8EQM4w37aGe8
gAAAAABogFEiYkiTqcbrIbBOcJwZJGcI3kRAajXOrBfAm8nfhTCDlGZnPVT8URIT7If22NQnxN02Y115PQPgjNj5Mml-d9FEDCz2rCve40PKr2tGzOW8ub231ktoIigCJlxb5AFvqCE9
gAAAAABogFEipY8oW1v_ql3hqvQGTD39l4APklRjCZfbUJ3tQB0PQ_p8F5PZcLoMjkTGux7yG7rCGR3UAwdTJV7lnOKsdFe1b48yvH9rcK_zOKidZCykMPszrCqFSfK43BMAODl6a5ss
gAAAAABogFEjQyGwtxobe2PdvgWhcos4pKsMwggCij15aN3VRHsFf8-Hy0yJHOxIlhhXIpzRCIQ4331T5V8IEh1gKRcuP6s79aIpeAuS2yjQCMHYATWF84ZqSyCEz_sde8ZMQXSux6gH
gAAAAABogFEj5cp-6nTMCpUza8jNRwtQ8k_QEIsbOqa7WCS00fIbi7QwgLLZM0i0mlaiQd06ei7AHxf6GSqGsxl_mfz1HJ1IA2dWD3ihFihHS4vVZHZlpNCfJu3ra9d3FGOLR_PTvdT1
gAAAAABogFEj8WxLJJzkPM4g-Xp_vQeN3ExPr4m-vyjELdkvAydU2byLX9z5foXK5OZeGJjMogVX8WCMwxx9rK3pd9SFRJ0amsbWZUBopBNtYEs5ooPCWkv3ejarcerFVV3-3k7otcj2
gAAAAABogFEjeb-Jju5slYuUhjMIYE7psMTDo4NRsZ5KgVNN93mcl7ovvyi8K5vXqzkWmjVwIPvs7EiM2K4cgemBggO2NAY6IuLNAdvKYa-WRKbSsU8gBw8JuCuo-vg9HcGnGx3G4POY
gAAAAABogFEkJm1SJKz_PfGBEX7USgBpWEGkNKUnORPMT8lE97766vOYFHGxcTlUFIPPRzy2Uz0o61LYuAWxGc2w7BLOFBlAuHCkQ02dNaiB1gkBfRcZed14zbx9S-fZXQohnfQg-4P6
gAAAAABogFEkoOtNCqCNXsMjm3B564nal7l3HbQ_ToxIS30wvlsnpXR-YpfjhQFBtw8PgvxaEj8EOI8umPmlWx8N-BvWbuaOlR8n4aZkksPtu4FY9-BoUuNLzRX6W4bNuGbiNcZzZruM
gAAAAABogFEoRp3v3VD-jmde3dRIG75qtg_9oq2wjJc1J7anu3mTejz-z5UwUxYU0shoCvy1aJ056AzBaMpYY6z8xSloN4Eg5YAZ-UQkcAxe3wq3DFdSDTHEpP9qlyY8ho2ljMfcWOMZ
gAAAAABogFFCbZwzRA9IU08t_NAzaYqNec_-DKCDQyGWakQvFnrJwCJgPVt0tL3zsn7T71dhdj9P8-TN5PClKp2MwSfzjt5LLch335_EOUEgXvLzUvEyOjFdnplTOzHVEivcLSPcrg6P
gAAAAABogFIuUUMgHkPVxcKO2iW9pg3DoBDyHaZR7ZH5-kzhYzQ2HJbqiyetg18ZUKVrBwcIOwaALwFEGAzRCHYnvCBX38VO0ssHsiQ-hELbOUNSEJDNLIpw1bYbRjCHc95fKea8CDrp
gAAAAABogFIuHKZ6JHMSlFU9FkxY-WmNc7Q7BGF_SdKayOr6kuV7J4nWVLJOzfxOeBCl9ExGGDzugXf9NK0YNJzHzcCoo0SHS-qGjCMYGDskk_KLwoAOwD1IBEmWEQwBlyb1xyzRyPUU
gAAAAABogFIuSEeZ1UNGAXnqFBApm8U9SQJxkdF2pcrzO60FjcYmdw_u4QstyCX_NQ7UASbKwNo2L2CpbLFIaexXnsJTR07-Qutius-NX4_dIGOvh8177OFQdd2eUez-SpYah88zw4v1
gAAAAABogFIvw5Nv__YlxCrb3tBAcR3fAubSQzHKLP4ZJP2jxCN2gHscl3Vdfda3_oIHtK-3gJaTr-9aDLpWzPTlsDSCTktCDYCjE4Lsy_3OHeFNq76mULXmUzxb7JsPyNo1fbl3Ykbs
gAAAAABogFIwv0-vs-SU_K5b0uDOAhoR0DBmmEAdXbgrKzIEaS9oDtorNGbb-P_Ze6mbG_HvH0h3rxUuWZivPxI6BBJB-AmJ8iaoUU8sYNAOR-WUhp6hSQR2KFsYToclXxKv5wMo9lvE
gAAAAABogGIseH6myVtHX_V1gwXrn2BFYw4nDlidssdEfyC1Arwc-pucYf-QpOBg7tgHotJTYObpSNLi4lKsceZbH13UDkWBfVwYigNdaaXwFWO5P0V9oTaQG9Ek2v7EhN8hHMQF-Gij
gAAAAABogGI30LXS8divsaFzkqfHcqSxDDk1tyZ9Eulv0esNBMkbfvelBzl0XEtoEOw0ExFBStTFJ8giRaIZcFTQhRwXLr-jIluXN6ImWnnVQk8IMJoEby_0aPNH2SpYSV_aR6FgM80Z
gAAAAABogGI381JFN_3syAdx_Jp77BSn0ieYBU1RLp7jzZzkKKgz2h2tWzmBPPcLEZzkchA0BFAuXBWH5rygqpRHQhWJmz1zMQE4bPnVfx4fodYk4sprlYMfzLXwq9sL8FA9fndYcgj0
gAAAAABogGI4kssznKP6VzIqw8GsIn_UaMwgBoFjkUv7nRPOEy2fVY6eLrQ7sMz37OUxEjO6KEmC98C1Ya9UOnYJalv4Dz_1BbTf2RP9AKc_ct4F6Qk5iOAp315GwT2U6CeETjgXAOgB
gAAAAABogGI4gYVdal-YSsN5XbB09ers784ReUAtM6K-G_EUHp8coM68A-k2xMQ9oC5LGyV1j8XAeryr-fskG8ejAGueWU8C5fveXyhy-afV8AcpYi_FOUr9IY7ueGdBykNJ6HnRc4f9
gAAAAABogGI5bj42sbC230Wxw0F6bpsifchngFXBrvdM330p3u33HiJjFeQT9aOkGaLf6Y9YYDDnxPS2UKMtLaSaX5c8dYeoL_Aa-sFl5tGqfbxk6p6wlwf-UrunQ2SCFEU0mOLnlkth
gAAAAABogGI54VWqo67_kbq807YEQg6O_FX_fN_pWtT8whzSdJRNsEZyMrNS5FxS23iPs7Oj1vj2U4HVO6IJbDlIjyPpb-K366KQvv0KJSmTkdLJPGwzXAZFTNPvxgbOyCsIiM-GnzLJ
gAAAAABogGI5gs5DohgP8aU_ApQqxdv3j1GX-u5MHnSfJ7CmAbu7bc_aM14MdvHEe5HGxxy54kpsdY-A5PTlzOY2IlAHYhrtZ3c6XAdht-QLgmvFQZKNSLnVGmv5Y2fXkvUErInOE2Kc
gAAAAABogGJYR3Yvx5FW_opdIbtnSyWG0lA0p6QJ2HqcVy1nt6Fw_OA5RxelLqt0htkCpJ3iprKS1ATOaX8Amm5fqH2QoIhSyKU0A8TH6g9QWwBQfGN9pgbWQ6jUk35d0NIegtSrWi6T
gAAAAABogGJYl79JmkbMMVgAbuJtxwqbgiMB2pi98gUvKV3C2PqTcUBZRVcrgJzedPVQ3wnE8Np1e97cnXSdJ6vlbNdluOlQco5h7TsIJthHkbYWpxq7hgIFv4i84bpS8RfohdcZ8BfR
gAAAAABogGJYxpafKQcPlFVGRyhMp3O7XKywZLv0T57QICuBk8oWDZ88-QXkSoGqll1npWVJpvoU4vn3psLrtwhlRFE6OLgVcIx8GbdEhlscHMbgRme_WOBQvGJYSp-6FN61pcAVUlgb
gAAAAABogGJZOmcMtjTOT3ApTa1gPmAOctCZus-xf1Ojat841KtxY4g0RL9HsNJtnzaOjISqndgOGbNwBMvOMwBosEXbElbVT2JNKNFcJsJuYaIwznJK3_FYQsp9zbozObdHdeBVaaWn
gAAAAABogGJZZWxZxTsosXp_r-v7JfFkqr1ALVhKyuv4qfl-LMoxVXtBsHonAuol1gXBlsj7tHUM9pW1uWv4CqnoGV59rEKIucMoQbjPI6_3VViZtsv4wlf1HmZwiqHj7fgRoRClf-lI
gAAAAABogGJZPaMEOclrqAVkRcdaAdVC-LTYZf9wqtWBPFclyCFCHLVZShtaIZiXbITQAHy5-mHkDBhAbwaH3frf3yyS0N_oH6_Y_gf5OBxJn4adhSH5JItYtmu-Z_pTPc2dbqAi7nhQ
gAAAAABogGJZwm03ngsatAhNgEiq2_zKWRXpI1fDebSbz9CnY82P2sLg6rwlxY-1cDocIFvnWUXN9WAVx9y95uXiS21REH54V-S8SrX4KBLHJee2Xg8FlGtuE6llY72vbCSCJE-mhaMF
gAAAAABogGJcnrKuAmJ5u-WRw2EB9pGkkwBRRib29M3P_xMBtJ7mxHGJFR4FDNrJe4AKYeZbigPeq6WhB08ZVXyRVhDL8TO5XtN1tY3cqJhOzc96ouP7hEiSTBP-O25WIwoG1hBIKmXO
gAAAAABogGJc6BEXiYpcARXh3Zjr-Wn0VJD_U5ULOX8dYLj4X8uZI8tGYqkmdS40qoS_wVy_2sng-xXcQb25KjEvc_VvBg9Qz31xKchTG9UO39fVSB4Qpzf5h6WiPX_7rNmx5xMsBwJS
gAAAAABogGJcAgnoqxsjPGDieyldbB5n2hWBbVEEnpOFEZ30mnL7Hr3NItcEygVCI4AF0NZdQ4yEdCfBeDaLvKV2W5MS9nt-zpiWD3_bj6GwGX6J9ZuqrTQwHprqdioydkeX4u0Fgwo4
gAAAAABogGJcpRWDppTrlYFLGpddOnRKy3ZTE1ve-02skMj9sOw8OZ7Jufc30Io85oCIG71yqLQkYUZsPrXuEp1khj8nqqpnD5NLvAEmyNpTdCU_5UGfbHOnmNQ3nBFhqa2c6o1EpOH-
gAAAAABogGJcO1nKL9Ugx_CkvBHymEEi7jYH_j_jrnmoW9q20Zpi601v6Po34ZIrduXvCfeIRij6ldM6wRZfEV7_XnhTgAT9cvNmJbnVeUjm3oj_OOCWdxZMrG37nXtI7gPjUzj83RNC
gAAAAABogGJe-wzzZabhax2sopJbK5c8rHtR-hfWRmX6njRn6ekbM_rz4vNQDea1kUITi_cgDc-hAq6Hpmof6FAjtcCTyeCGN8wryGR28lgg-OJ4gfOojtIulKIpyO3C_KlTwA_COMln
gAAAAABohQ7stVhoyYpPs3jSQgD1LVf_j9i2f4OQY9mkjk-p2uQSsG0OSUgemmeYQF1zZxgbJpsSZBfRuXhB1mtFetFQJqblCR8s2SesvBxiAfZubx1iSdTIDAXq9zXSK7E1FJxY2nKk
gAAAAABohQ71NtMRyR4aB2nTaQt8ldktR7COPb5yXjABmeOZMsDn9TIlkRFTs35GO-OTZuhH8wRXUuAHqJ1pUXXMfMNv86nh-YeJgpw8v0FDw5ZaunSGYETJTZnx9BRxtxkLV2c2rxGl
gAAAAABohQ72EIxQsTSynX4nabQGIUm5WRxg6Thq8DmSUA8P01KhJcz3SRT52rj7KTch9_GfVJGg3GLvbog28KawgRoVeCcOvAlsmeS5RO3MAwhmZ6WE-efp8kUC2VESoJnH0k6r2H5t
gAAAAABohQ75rDMX2BM3fLBkjnhaHf1f4jFCBwKsmi_lLN_gCXDhPV5eCDtDP6Li7hdFX0YnWsg75twzz2n66E1d8d7rdzyv5tVwGDnjck991aBOvq7k0crxDXXBn1X1xxk_7sGKmPli
gAAAAABohQ8IbWQxvBvuoFwXo1KfO8AH125ya2tVoVgug66mAeJWVk2J51v0bhcIFkJnWN7CryF7cMCCVPhxgqPkVIVaf2-z4KDh60tuHktHOBH1X-WSTQIRcWC1o5IcqB-lGKpUErvp
gAAAAABohQ8IJ5EuGPnqq-491UbiogWO86vTUfvvJBqdGxjs6yXEJfWCGg2KTRXQKV-LzT7ocx_d6wrUipauJKJGBMpVUX2zdFGzR6wfgCIfLR0OBzAFu1VAVnhM6vauLj1tCunoBDDZ
gAAAAABohQ8ILAXKl4wwBdBO1nCmTetQkfdxFlhFyWfVu2a6uVzZU8biwPmKgM11IwqbZYsNmNb1N3XMMpA7LzSPgT9Yk4FbhqlYb65Sz74iO077fS_GrNMP11p3tvtCO_RY4ti8RIYu
gAAAAABohQ8IekKPoBI4cbZy0QTryQxDgyswregTaQrQFVqzI5DHq_2cww3gp08E6MQipB-fENcOruwzz_7iRxaQ8u27yHqcP1SlL7G1c_Cm-OdOU7BOUb4HKCCK4pc-DXZDIVBJFyqk
gAAAAABohQ8JxWQJmt0gsnqDZM49f3mKS5jYSSqpu2CVV7v-gVAWV8g-XdiBs7rHrtkXTuXJVTzBDQoVQvNvCAwm3nKEZA5FGeSog4WX-Rl845y8PaNZfP89-LhCdtr98tedggRq2-C9
gAAAAABohQ8J7VqSMgqdtLsSjhj6RKzKLAr6vx6ttMTKqGQ41PN-nZ4uTbdz_rAULO9JggPFLLfQ-nheZUm86OV7vW03-c4gZQbrMVrhW8X3VoovV18lrjqg7aDIWnER3TulheY7jWDJ
gAAAAABohQ8Kd8of5aASgzr7QJsjhGq1M5dxEE_M_CIxPrgl_g32LI0g43U6BUC_wVPe-P35s2ZOpft5prtLzTczSn-KoxkgwWTTunBEHf36sbt6F3d4eTTDSW5xHgygW-lfMNeT2Dt-
gAAAAABohQ8LiC4FxN-dhgtdnOT5dfXMw_GlalOp59hVKpu_zQz-S4-04tMqaizw0QycTvBd5REfRrtQDABwRzDxhNiVxxrIa7ntfTqHv83dcVxX2oQ5At8mblC_CE2sFpumCy1FA1K7
gAAAAABohQ8L_UzirxO0pb_yuksKlnRUZ_emZSz-vrt7KsJmPMaM5rpZ7wBjEdTYsKYxZ57aR6SunlKCSEj0U4-xrqvJnRBhretQu9Ml0YD1EDHlwgR2ITuudEXf4_AIcz5a2luq5CWq
gAAAAABohQ8LqVtax502Ra23RJRzNhYIbDUPs1bdahlpviRXUZe2UZp8RDfdplbIzI77ai9hpRZoKfvIB8hLsyWk_EOlHCs49ChJPrYET8kNMi6FmNXAYShMlQcaEYdQja93N3dzhzjb
gAAAAABohQ8OYHnupg6q_o9tQ9d8MS7oyj1guhEHBlrmRlFTEnxe8Vz2d-7ckxasyZiHu9AqXU_fkCefvqwhN-CCgwQ5F_0EkoCh0j0nkzyLMG-r913h4AXDvQNgLSJBH7vEomxORvaU
gAAAAABohQ8PRBwayqA40gHfzcurkbQV9kfuSH3Ufo7jj9ApaOWReGIwyF9HP1Vau5kEZJIrw6xL_7nV5LXWYZpUWPCEIGMbqMTy-1wsv_f1Rdh272QMo7j03-0eY-KFoWFEipoVEzIO
gAAAAABohQ8P4eW4ZkgY3ti1mxu3GmIq9yR8wV075Ahsq9X62bUynm8gg-XKFFpYGV4wcWcPJhNZxSF_o4h79RiWLCbx5DvE2ISYOMJK6Y0J3k6M_U89ySb_vAMAyZ8zekKXUjXtiUJS
gAAAAABohQ8QCOT-UGKFKd47oZmCF7bvTaVhfHBfT2apX_2V-UShZx8QDVQ27kBjjgC8ICoiPjcKX-laEP5nDa-6sbbAhv7kAexHNp-fKYWXzPTEC34M33pbqhQRAbyQMQvxGNxgbXHu
gAAAAABohQ8RBmSfyCjh1LqumrgeU5zMdOxGTGshO6u5gxTLYw0_5fgrTiE2Hnheul9lvvfSlHe5rbxTFEjGLMsmfkHwEReSXlBWHE0NMdNmL5qPRz2PnZ6yOqShr5cxuMqHzw8waJyX
gAAAAABohQ8S9_pR4xda3G6u4azkTJM13EX0UYXuZQe7VUbY7oTe-v5msIj7J7M8ZhbvBO5J4lIjeZmc5xvvtKRlsorU9uWqtoAODGebxYrndO-xMmMoLlpRHGPAlQ_pymMjwPVEBS05
gAAAAABohQ8SWvAMUozEQpmomL-JtUmJiVuqsyqxMfX0GO9VAIEYp4A8cpwBHtOKJem1OfeY6zx34TKqPilwVWRm4uqg01-s6na-QGzWZ2AHRthDELnD3UYyD5xWi0AyuGVxYWVs3OnY
gAAAAABohQ8SiyocNNMFPNzP6TA-HHBU1j_ND0kw_LuE4E6XZSxJs-PUMvaepIsnb1c6iydrOl2rCiicOgny4sMwURAz3EjinDmPE--XGkiTscdMGpwFRv290gSNs_GLRAe2C39rQYBP
gAAAAABohQ8SxHympmtVSwhG1wL-Tay2tTKZpTzSh2ZN2j69401Jp8bH_PKZ0FRlByjbS9tYpQKD46QDfp75iRM-NwXhSxCV-GXflQICrf8MkrOifnlh_Bmz5qkEy1tEeXNlWilIPhjK
gAAAAABohQ8SOLxPnYXN7Gp9D8hF191d7Dgg7gu3fvMEuPMraRiwtSXivn2j4n5G1nqpBqou4hcVOxVO_QfAIJMjIg_T9UGV7jp_Nh1nRwQtx79ho3ft4yd8HdoI6A3iH6Q4JGL_l5yH
gAAAAABohQ8S-X_e2_jwnc23EFc2AR_J1uYg0QB60LosSqJSlLYeTzeJdvA7M1L8ZFGcpY8lcc6Sdy7D6aJNRDYFHvF8xwfQf_QIYeR-LieMD2ATnuvyyPbbO8duedPL2P8ISEbMkXS8
gAAAAABohQ8SATQ9GIjTsuJej46OeVt1dVHDi41JnjjGIASSQycKJ6uMeGHXkuiFCGpyDwOsMxflQoBej7Bg76YtLkPZeoAF1Z0zDUdroGHpo-ZUuXhKeFA2_txcyLhHWS5U28ozCv9C
gAAAAABohQ8Sk3FMuzBuZBiWMoN6Szzrkn3Bx47tn2v0e1PJKP_q_HSmnpQOBjmnC_M4PQvFcGTP0wsfOrDPj33xjvoieAWzvBXRBpVbSYdpAQQAU4uoRMrMk165W3KlU5_JI-gCmeQQ
gAAAAABohQ8S1ldN8IwSXUSnF7Qo70-ChCw7FZCYoY21rXUKADWuRPAGeZJ0PeZsZNm4g_eX2hU30uJig2E9-ZZ3mEjJ-bouIICh8YooLpHEJ83ixqhE-rjjGj30GHIguNtHSRr4lsyU
gAAAAABohQ8SGZ6-_7FuoZ-BqTWitFrKhWqyUWcy68-PjWemJGKNMPG7kc0QXHpf--MgVZRzD7X8v6BEf7Y9VMXhfg_n2wGQDXweJoFD-3_lAFxtHX46PEQkrXgDxC7CD0Q-vQeVRPkU
gAAAAABohQ8Ti16QO_huXfys16yXZAIfuR5txs7MA59u3KDSax7MH_hINCEAvm68jcVQdOZVlIwNb6izlC95iy23E058Jm5Fya0MfW9c_vTCKCd7QYqxinTPg_wJJqtXmyXi00CZPH24
gAAAAABohQ8Ugad1oqq4IyHX7oNSN4KyzlmIpruC7dikRu-plyy9wswks59HajDxKuPduTPr-jKVkOp8FwAAitP-DwImhUD4qt53EGyvPNwB0IaY64F7CfUx6msNygORg1sMmQTAi1m4
gAAAAABohQ8UpWW05_l44cj4bznRdjmPe2fs7YKIHLe60DRlc8Ic7SJ6P_dxfPTa2qe2hiI6XaMC2rIbv5QljT2ilTaRhfF2AUyJ4tnM2mV4iXXIQs594c1YVwH_Hn6KHG-t4BZDqhcu
gAAAAABohQ8XGJ7ssaQIVzrGlsJDnWV6zNobDUf20Ga50w94TIhlyCv9vrWqJOZuzBRJhY0gWZ6KWDnor80q5LA1q4GNKHBSb47Et4Y-n9NJcn2TuHLIuEac-pxRbrJ7JOjynoKMzJhw
gAAAAABohQ8X8AWf1R8mjPjNMqdqssAy26mDB2qeScJ5Hft-Zu9TPCUsqagdog_yU5xhgBMGrmKIHbz6pqcATqSG_uhktxtKX-3TST7GgTThYUt5TNY1zmRZYwQzDETQLn9z2rsLqkqX
gAAAAABohQ8ZiXyZr0SXUiIz79jbACuDZGkb38HHqLYVzJPdXXvdRvHNUzT8_skOaeBiFWSwhtVeDTfBNneHhm0w38Ww45wskpDGPFElMbUr9RQGHRTFGu_ptNd0IfJr9whp0O2Hzg_o
gAAAAABohQ8Z1r2IitkPT3-7yCh9xqOpWXAw01A25woCHvoPvwTJ6e75lRGRPeUKMjTsmjIyHA_E8ps5AiHSEvueYCZMSUXVekEHYIrGVeb5EbuyhVYQ6fmOjwR1RxwBrg0hMGcRU3ht
gAAAAABohQ8aTKkLjQWoX38042ttWRujCNSCDvRrmA2afV6oFBHMZo-jH4UpOpGMOUMwmGHShRXQ4E5LVJ_HuI8x4haHxYGy0eK-K_aLkn9ULweHFShMI7Ye8aDyt91kjSi7yq2eMLYc
gAAAAABohQ8bDY7vOuKxrpybo42S9jGL1cwPcNAPtA0SHUWeygbQ58djU02_hHcmNwLXsAayDHa1ji7Dmx9GGUJSg7vIFYxbz8erOh3klP4zBpURRG55UF3998pFf3OBJfXXenkii0G7
gAAAAABohQ8k7f-Ss2q_T4mZ8ro_V6qiMeEt9Gh_6XRetb_Yq2rmdzvvt68KOxl5SwUBZhz1KLau6EqU8FXOmySQX2lLXN0ItfyMU11xv-4TGqxw1Zg2ijxKes8ePh8c5tAQlrMXN0DC
gAAAAABohQ8kxNJQGC6q3Dct5WLXybA9j8E1sXvrR2SVttI9XY3IhjOtEK3K95oT_YxyZy405V7VgfpeZFztz1gTnCqHkEYKmFLulGm2oqbQIqNQeTv3xAS70bXP097m1E_X0cJ7sIM7
gAAAAABohQ8ksGjpDZY9hELtmAurjhDfP9VpxK4lN6oyfgEG546N7BbTFBvNArL0gylkH1wO5Tce8qFmJXh-H1n8sse3QH9chb-LYieceQD3Y4bkWLAyiZJN9GkcQqrcUY6Tm6J_9sB0
gAAAAABohQ8kULarTl5NWzxKi0B7L4dN4fovKIKE8xJddZ5Pl_T651UF1OTQgu6wcxo91KU132FQDL_xUvgzNR8XNrLZBEPjYkQlZxeOYEQB_i1LKCFejB9Yczc1Hx0Bmb-n9Mul9mbp
gAAAAABohQ8w9dBGS0o3w7uXjkCedNlwX3q0nyTW-GZ_kswGF67ERj7JDAwwaWAkGJnuJuP6gyg3RxFPiJfMwHkT1LT0JvZUjH_hTJMQ3gtGQ6pdLIJ_gD1LS5taVB0qIzqSRBUjO1cx
gAAAAABohQ8xQ789S1eAvFy0P6A3rcf9LN6Xr66rJ1ocdLe6WltAxKXWFc_V3t_gRjRmOCkNS44Hc-HkuPRhMNYhu95k8Acagr9TQwTURjJ5WPGltYdMh2MuZIQ_tCspYRfppFtpIrU0
gAAAAABohQ8xy4gDTKeBJ2aDiS0fSx0G6hi_qeTqIG3llzkO2d8l2Ecyr7xwevkwbHW6TIatP2VyQWiHW9YMUsLlFnlpw5hP0SB-DFmVNZGg8G2GdLMvd4zm97VxFMHTgcWXscJ9EK55
gAAAAABohQ8xja-vqx2SIAFGk1VB5LWfDDv-kT7IqVxVAL77MI6mSrgqksA9G5eZfYy0zfjFD1FdTIg3AkhzGYsZuPvBixSdXlinmwKvuZE3yvwJ8QgbcVct-Y37VociS1jM3mKrfq3U
gAAAAABohQ8zUEorct0gND3kFZEQCA4YoluYQ9QcMjPU0xbMAK9lpJebiJTctotYdIWvqXft26qXhJUZFaZhYDqiCUIb3v0sBN_v1kE8uK4i65kXyLu5nx8D1oJDafMPD9MFaXLoKHzA
gAAAAABohQ8zxzXi6G-jIbEHAenmx_uGN_t9FFx5QSTmzFhJ0inOGuhtSSlK60UICj1qhxEYIVqcvGm8Mlb4MGwEBn822OPgCZO1jW0FKlQTts-u5LpDNblrtxKuoyjS3ZPk2I8wQZIU
gAAAAABohQ9Ew7DKMwZEy-fu9lr1la_ujmO-zk0oSaNlJnfhVZ9yEIF9MY4nnkunKa6A2onGHNrYwZAKNCkMxTGzSgp2MP4E3Ez-f390tiF6WUq1JrDm5bO4EyEP43EbRYjZnGLmg7Wt
gAAAAABohQ9Ee-6X2Z4H92nvzhK_9rczjVFRm_tPdAYfiChlksUeiwCqxbX9iQT5ZBSQGB3vnH_wmtqAYZUPuEWXmiq6-9G-Dxb0GOMjvyLjGm5YHjJsqQgylXSJYxsfWCKECYQHPn8c
gAAAAABohQ9QnG_HDNluBfDIgTD6XJdpI9cGGI7SRSQmZx4CZTHiUjqN1HG4JA7CgjvxYRaWIolK8dRfXQFasKdGxFofLQDycjpYd6twnN5-dvv9SQ4ZH__mc_BfRmLS1qn5AnUDhjad
gAAAAABohQ9QVahCl0vk4LEybXBxV1-tKR4ceM7rpGEJYEo5PItxPf-Z_EsShkgkGbUQNAs8wtyhGstx2sa_GIi3QaUGIRw8eyicvQtelR3_RFgkXIvkHEoXpSJrRRCURnQdlFW-z02H
gAAAAABohRAkY4q-WrZ2D1Ok0FbYgPbsfsen6H6iz1rZrTZqxacDfHycwNrK341z6EQyzS2q5sYCm_n6ot_ZOd-aLHQDV4R-rDm9Eap2gZjevmmDDduvLwzLe6d2VS4BDqBmjh_7lWtn
gAAAAABohRAkwPobs-s4l3fIsH81jQXBZpTQPaMcO5YXXQRjOjlyM1-2-Gd_cDLdaKAtoJrDvAkNcQ8W4EfJi_gmdVb_N0OwmZvuCjHkrp6TDucrwQqvpbeHcqqLyaJOKx2hbY__7CT9
gAAAAABohRAlC5pjlmmw7IIEccNepH5fUl3aaxQ5VuIKeSbAQl8Ixl5sGsaQWAul-gggpuHfE64c-kCxIgQkNXxFKtxUZJxNR9V-oew0Hty0kYjMI2fiay5efIcl9L7u_wITvgf8XpAV
gAAAAABohRAmP3wLwxHwn8qYK2whSGKDmc3dh5fftNssu-fWOt-xUaIUGUNEf9bFymAV3Wn1F7hO625D9lIuvVmzVXLB_gH3ll6d9lwPtpF-LHt4LDAHvfjweo9wN5aa676Yxp1KWXln
gAAAAABohRAvYg5w9plL93tTHrPdpiDaMJMcGEThfHnfeyGw8KkyoWzOI4o_0xXA8a9sPPQ4JdMqXsu7S4Niq6RXoTC9vFkoJXTA-EYt4HYX3I33-JfDLpxwFMCZ8Kbj2lTRqIhSbaVi
gAAAAABohRAvJ2nO0hg01HcQLSxIzg6HZk8vs5-XLO746OJGQvGHg768yInRt7C71ehJ29uMTquGyOwEiHX3TUqHAtl7THKG1aWtUJUDV3aZ-NbdBPfHjWVc5Izbdrlf2fF7A7ZGN0aI
gAAAAABohRA0-UsZYo4ZTIB3OMcqN0Q-BP9IWMWhhUEz_TT0N0LmStOwrEw-LQziZKiFv_jcCOw3WW9wlGp2nPUF830bfj73lSTX95-FmyLs6VoZ3CkfICf3ec8MdwDNRamfR1Scjh9e
gAAAAABohRA0NpVIxsLN1J0gQkrrI1oOK-1GNQ-BCyGKU3T2VTm-2D__dqmN4XvBb1g0B7vfbqzayi0CW39NzfLSIIyY4su9L39mBBn1N0yKW8E1mW1You08QcNCeM4L_7y7hk_ihjz0
gAAAAABohRA2c2IfbZz_TwL04lMffJomfd6ooEY13Glo-iGUnJL2jooE9__EAyoPQgE0tfW6D5vGfmXxiDLJ_W89044HU3nyPjao_QDDZdBXqQItqvqid141_cfVfpUjiJ5ygP-sL8vt
gAAAAABohRA-DcJeML7JlLB4JH56wEmgsKmPBI8rtgPQYxEHfnyTMLPMcU94xe_63VP0BFgRaNknjsJLxwKz8EdcZffxfKLTTywGOhf5tA-bA_JBpgsNtOtc5QIMMQzSru4E9wTG_5zN
gAAAAABohRA_yazQs94UP03zZrmcIrzodGuXav16WeSOd31mQTHjsrqbJtkvLueqJy-4FvA_LuJJXaBU0dnDRlLgh_SxyOYFvgHXNP7_8KwuaX6aJXwQS0OqNYljRi6LBLpOEdD5Mb61
gAAAAABohRA_rwvUo-xRvI9Q7BeMjM6LFlmznlv-E7cW2W47HTu9vgAtKHTVvbmKip40U6zCun_zXM80JGtgslWK0f-c8Q0CJxDKLve8YhTUpbyVCZ52suSvy4JVYRA1R1cwTqUud34y
gAAAAABohRA_NxkYJcKokdXNz-I4OKWbr8UKwa4XhYGuMo-al8LhiiXykv__SwXyFoJf43gbfg-_q2f_i_LUlgSOL0R0KFaJJn8oZ4MbZ0_O9TZFAeLFL9HoE-i0I8YY22fESTxD9AYa
gAAAAABohRBAgMisVFZqxYW8PxJSOqsAHJeLxyLm7Gxfq8_GO0iaPcfgW9rANY1LrrNZgWL7DGBAbgoSPGHXdaEmpgvh2aal0SpqgjDWj0Tah_OjlS03VcNDMmfyunOuG1TQUbxPtlNt
gAAAAABohRBAdSeNlfsXcleTGVXwaUjIXNKIBN6Cq_nKey2cGlXbnu-2Ewos6_CVvyFc73QDup0HA5lvm4f7tcxZJWEsuNGrdAT2AeLNY2lEerqLoH6ESwKhmiONcjQF5yCbg86FgII6
gAAAAABohRBAcfbKRIdVEq1WIqKe22JYl9oHgIO8VVK3TdQyR2Dk4JWgkIf8kG7uyRWT_HrUFw_4R_svMa-HCzxam6BgGAkHUQnJQiS9JKTypwa63rjtCozmigSJCzC7L2_Pc4a4l_H8
gAAAAABohRBBc6iCwVK0z4SQRnQ14lTtHiCgytFjSVgbwbVjzWv2VpqEcLYiPP6JnUGoS0PsDIl9tzTHoSq2Hu3rIEZFCuI0Jen8-guuBhmYsgZ-cof0INyvWUrihOe1x1Sik6Q68xgf
gAAAAABohRBEKKhyyu1HB6Vn1-zmFY2iXdKH9c7mEzFqBLDf41rjPlR15gkX-CR6vIx_HBH12PnNV1bEHH8yoN4QXn_Iy_xed8cvvXUWdxMqmQUdVITIAOLzKce4azEg0F7U8jpUVdcY
gAAAAABohRBEtRyg1hX5zbESIsWa7DIlM5u7fNWwYSuH-YzUnkjNlRdMXDP12EdyYJ3MPvz8SEDpq6aoAX7Dr4p_yQ8ILn4GsOrP89Ll_3ssVioYWPc9Sp40SD42xUuFyx5yK3r7SfA5
gAAAAABohRBFYZCcSeHC0Wp1IMfEU2crKDf8bFxMDuPDfWzCp0D9uwWyNd-d-sdpSfgMQNfen60FO0x6_o6d_O82BYkb_GwZHcqakR35cjMXcfurp-pRBivWIF2olzmY2HyeGTZ5M9K2
gAAAAABohRBFRyWQHpOR1Y63QMGVnKdIknXnABxfj9rMo-AtTHlg40e0iHueMlpssMg7MdvzNEsYI9KfwDqmsM87ZBUe0UXI05PsKBwYIlPVIlN806bNsQvpN9rqs_hl9qF0Ud1jsBQ9
gAAAAABohRBGS0KOog4-1A2EqDGyzK6xIdpd275K6MuKvXoussQuwFNbBxdZxMmhy-Z6d6EasJflf6DLD6vJVzlKJ-iHxmTJtbszPHZHMcRRG1eoBdbJSqoaBHBFP4Zc8N_LBrn0PEOb
gAAAAABohRBGs4BqBzGfm4mNai4GLaV2T7bfM1WDcZogeXU_D7Xn_XA98oPiOM-aJ-mBZ0aZnTcW1lb1CKEYIS-e0FsgQwtDTIt6EbV86vP3izh350kFaXRomcX-TSRXEHZcm-UJx56I
gAAAAABohRBGZazTg2AQ1i5udruwfNoJW-eML2qR4MNaGvaGg3WcTDrcELodNt38JRCAPCYbpW8VnibehooW98CHhe1QJsjf5d4nLWDok0EF8SSytomUkbrjMIB52JlqJL0Ot83H5ocd
gAAAAABohRBG6s8cbtm_y7SPh0bcO-lqIn__8o5Ti2pILoaO6DhtyerYoCAVbD9oxMpTEZxhXXQyR3vHFK-ipNGRs3G3WmvY_4pM6PkbCV0aX1ZgfTL_ft6azt6gnIeLDcLNhWE4trfJ
gAAAAABohRBGNMXd2tIxmugG1XHgBeE4ZeYLwBMAjL-o6EC7ofV05PHxqtnR69X86sIKxi2yicuRd8MZ4UdGZc9ZUgEVTXVVB102BQ8hhlDe9BODeBPGO2xibtU8COO9EfyULUSD7zlJ
gAAAAABohRBH_XKUAMOXI2aTGF4t_ICQQZca1apCSACtJluVzvOcvH1_ah-5bqt7g56BavectuUqQk-hUEY_3fZTm7CjPHzfn6cFuHpmIPUf9sQVadwY6v5YcA5qnZdvtDc34jvLGE0a
gAAAAABohRBK67KF4w54osbjhaUu6s41nWteWWuLNF-SG2Nzdf-CBLTAyokhDtrhGxU9ayagDswI92fXVWyA_QXQQju2uhK3KUqt9FkfqFADHEqsw2RtkbCi3Cywu0Qrc2R1vjyay-qg
gAAAAABohRBKlwI-O7UpZti91d_xjCQb08pKonC6BkH8HVyzdDjv1KgpaFIr0YLIehSCP7mGrez9_2Pi5t7856SinualfYgoEdJrVYXI7DUHRqwnwc-OfIYuSvKAE2soB0QA0lb_Q_uf
gAAAAABohRBKC80MczyQhVz4Z5dGgGCWJQ2hHyTM6GQ--Pyl1S0unJ3z6HmCfCWggZCfW6ypUyrLlDd3UUaf-AcuwB7VuxF9F_3LjoqF3jCZpAnwCFnhld38ymwSjXnbrlrrl9pWmzNX
gAAAAABohRBLt9ECMOFMV7zsHOYlJ7D9n056i91Jdy6a0x-6Ty8xtm6EAGJscX7Naz8oZetFuJCGPr7DrVPRHSRnYgGClWqD8ZzmodlYJai9HrlOA4UVXdV-gyXgkxu3Xh50G-q-1VU_
gAAAAABohRBL1XpHABldPe8LteksPyYzmokP6SBeXmom1OWAmDuQo2qo06K4SPSwYsMty3uT9NJ1ocCjvUCQ7OqSXuHTLpH-U8roY63qnNJFmlI8ZKTRyXCdfOzar-RpUpyNa86tBtub
gAAAAABohRBLNZFkORACGBNiDLyHU9XQWhVZiDuwWKuf_xMs-kav_BgLL8nfAInfNLNNmgE0D0oElMORvnxM-lF7MJgrlbo3rg_C_83W79nqwyGTz9mcfD_mwb6hUQDRLxTKe2uy9Vlt
gAAAAABohRBL7QOGUFCrBN5UH3LBYbbuuM3PkqdKsigORMVy7XbqSKmeGlm0zrTp5_c6-BUUQ6FZiXB0k5xGbLpNYfzW7gIu4_0-531iG0FSGEe4EpewqHitHo9X7nHWm-cOTPdMjwF9
gAAAAABohRBLtX20-2PHpjJlMSCYcJPYTG20Z-5dpwqIf4FI6gXgn-gqrDvSyb3o9PZCgg9-GSJ7m4gMR0BrXeb8-70BzPMbKNoWE7Z1JvMr2IqsH7qzaar8igre8ZLkaaYMW2tpfDbA
gAAAAABohRBMfjrQ6UtWoR-JaDGimxB-WMv4Kwjc_6BPV9HELI9Ir9wO_Z5wfLN6cFoXLAYzIq8p7ztsZzVqeeHbm9l9b24WOu37FUJDg3hOfWks_KNQbrOD5LIAliMtT3x4Dcs3_cXp
gAAAAABohRBMWaDaap7PbPX9exU-vnq9CpBt1MlU5P5C6mmjEyvqoYkOTy-keUo_lBlKTUeGcMJPJEVvOmYK7GV6tAG9hBsXxlbAcjIW1aC_qZlPJgkTh8ndULmPllHoTe8vv18XRNy5
gAAAAABohRBMD186vnDSFk1CBIq2UKG4OTut6g7x3-kIa8RFxIg4mSApo-3Anf86mHdkLrldXajFeo_tuLBVW95zL9JEb7BwpIrg9IYdw82H6Sniot_BNpQOMiE1MNRwUQrmeUyXDdDG
gAAAAABohRBMauC6AlVxTOog7Qv911fkYY9YO8XgXK6l9cKR42GB9POUn6DukPaFsEprZTTqcexlJZars_yhMUFZRdODFuUhnIDVHeE4L4u_KEKsomf89ldtmAeRXYuNflE7R9iRHcNx
gAAAAABohRBNZHlJ4hQcuhPk8_c-zbfEyHHPhE47RpMFk1J-9bFTgUCy1Q_dmWalTlAzDPHZ-KFASQxH49N85cnhKtQuCbLHq_uHj_ppunKRVOq9fYfquTW-oJqSvryVRelT_B23Wzd9
gAAAAABohRBZW71rXoHgESdScyExbY3G5tmiMSbowWR18SWg5tC7905-nDrIJAFL8dM-eHj2Yur94ruX1S-wp8qqMwW2_qOYpD9Ex2zxKv9DcffWR605ddrvG7_zM8KqbVI91dToY3pA
gAAAAABohRBa1IQG_JR8MSixQR-NcblI8zXUi0RHyrRAJN2bts3XDRdyMMEfr4KLkqA9I5cGB7Y1bw2melB82CJJIogayIljhbzuOHa_O7SX5oPeFbtApSl4Z9vVh9l4XxTqi5m_LaTj
gAAAAABohRBaeVH6ci60_U-lqNrQVDW8bw_Lckc93rsdO_PgOEzo89MeS8eTNnJINjAfYwN2epKITOkm7AD5AM9l6g0KqIANTBgE1NpDYHIjQ46v6yelTH1eMrCrWlskrf19ojM21BjZ
gAAAAABohRBapyjdMACVJW8gc7sUUyh7SbCaYhyLk55AW37ZnHFm42WctrN9It-K-ASC03ct8pdDPYLdtEC_v43GbXhv0qSNiN-5FmuOaO3yFi2LSRFF5kwhil2Mz1POyd6KAshr2VWi
gAAAAABohRBcEd-txMnGOWVczX8NhiD2282K5RefM29dCt2i6BnoX5XajOQioNjEzFc-xYcBgRmDLSKJebnH7eEF65_h8Pwo2mOcS_-ndaR-b9qIVDDvQANcHzmI-4TcFviW2j6fN91H
gAAAAABohRBcSHr4SgNPiIgV-WnFniZ5BMRkZv8GDhnbPkOO6fHGHWskLHrKbHhgJMjJuTRhY3iLLWBYEkZ0In_0VV8tZbZwkFdQPnGbEuZYOtIUCjaf6aNoiKBMAd-WTINpu_Q83Jxa
gAAAAABohRBdth5fmJhnkaSMUfdul6dTMvPxcRfQ1Kk7flRppy6DnKKhNnHYdYksXTzHF0OKmzvd7SsSiKFT52zn-E5stajt1Ey7KEyaC_2EicW0xzWuRyOPzm0Ew8qjALTIOQ5cOSUv
gAAAAABohRBqdWbw35u5Yoph3TaNhdtu4QSZ9fzjiF4dwkLjg4bpOEa3mLpYdRbY3ljpEO7sb39l3EGp5ZF6ye4fedQ2YDzbHBd2EpAvfAPtJBZrDMClNePrWuMmNXRDoR0TDvPvSge4
gAAAAABohRBrgUpj1Rkvhk4Qk8U8OvzNlHtb__oAyF4qrsBBeFMaJCwpSliS3EY7r9kZ4cane7gs9Chos846PlKsDczGeKbZXWs2us2chCKIidRbSGM9_QK0BOmfQEMTj0EOaugr5O6H
gAAAAABohRB2AHkJsh6gQdBWwZoUD8Pmgq4HcjhQPy96OjFJjpPDGWDfVk5FInciSs72IbG-FaXPINqt17D6Tn9yU1z7ogI1hTCebU2zgO-mRkTrCyeRhnNK9bVwNGDNsgW5XnyXo8sa
gAAAAABohRB21YGd426H3Iv2Sv5MAFLX_a4GiTW-gX4nyjVuIyoAkGQ3CSsAKL-oKeYuMcqnSVtGzTcEUYMESbyMs3XEBj8pUIUN23wbWA2wdq-uq44Wx0v0S5O_WNMkbwWOS1iNwosC
